Archive member included to satisfy reference by file (symbol)

E:/app/STM32CubeCLT_1.18.0/GNU-tools-for-STM32/bin/../lib/gcc/arm-none-eabi/13.3.1/../../../../arm-none-eabi/lib/thumb/v7-m/nofp\libc_nano.a(libc_a-exit.o)
                              E:/app/STM32CubeCLT_1.18.0/GNU-tools-for-STM32/bin/../lib/gcc/arm-none-eabi/13.3.1/../../../../arm-none-eabi/lib/thumb/v7-m/nofp/crt0.o (exit)
E:/app/STM32CubeCLT_1.18.0/GNU-tools-for-STM32/bin/../lib/gcc/arm-none-eabi/13.3.1/../../../../arm-none-eabi/lib/thumb/v7-m/nofp\libc_nano.a(libc_a-findfp.o)
                              E:/app/STM32CubeCLT_1.18.0/GNU-tools-for-STM32/bin/../lib/gcc/arm-none-eabi/13.3.1/../../../../arm-none-eabi/lib/thumb/v7-m/nofp\libc_nano.a(libc_a-exit.o) (__stdio_exit_handler)
E:/app/STM32CubeCLT_1.18.0/GNU-tools-for-STM32/bin/../lib/gcc/arm-none-eabi/13.3.1/../../../../arm-none-eabi/lib/thumb/v7-m/nofp\libc_nano.a(libc_a-fwalk.o)
                              E:/app/STM32CubeCLT_1.18.0/GNU-tools-for-STM32/bin/../lib/gcc/arm-none-eabi/13.3.1/../../../../arm-none-eabi/lib/thumb/v7-m/nofp\libc_nano.a(libc_a-findfp.o) (_fwalk_sglue)
E:/app/STM32CubeCLT_1.18.0/GNU-tools-for-STM32/bin/../lib/gcc/arm-none-eabi/13.3.1/../../../../arm-none-eabi/lib/thumb/v7-m/nofp\libc_nano.a(libc_a-stdio.o)
                              E:/app/STM32CubeCLT_1.18.0/GNU-tools-for-STM32/bin/../lib/gcc/arm-none-eabi/13.3.1/../../../../arm-none-eabi/lib/thumb/v7-m/nofp\libc_nano.a(libc_a-findfp.o) (__sread)
E:/app/STM32CubeCLT_1.18.0/GNU-tools-for-STM32/bin/../lib/gcc/arm-none-eabi/13.3.1/../../../../arm-none-eabi/lib/thumb/v7-m/nofp\libc_nano.a(libc_a-memset.o)
                              E:/app/STM32CubeCLT_1.18.0/GNU-tools-for-STM32/bin/../lib/gcc/arm-none-eabi/13.3.1/../../../../arm-none-eabi/lib/thumb/v7-m/nofp/crt0.o (memset)
E:/app/STM32CubeCLT_1.18.0/GNU-tools-for-STM32/bin/../lib/gcc/arm-none-eabi/13.3.1/../../../../arm-none-eabi/lib/thumb/v7-m/nofp\libc_nano.a(libc_a-closer.o)
                              E:/app/STM32CubeCLT_1.18.0/GNU-tools-for-STM32/bin/../lib/gcc/arm-none-eabi/13.3.1/../../../../arm-none-eabi/lib/thumb/v7-m/nofp\libc_nano.a(libc_a-stdio.o) (_close_r)
E:/app/STM32CubeCLT_1.18.0/GNU-tools-for-STM32/bin/../lib/gcc/arm-none-eabi/13.3.1/../../../../arm-none-eabi/lib/thumb/v7-m/nofp\libc_nano.a(libc_a-reent.o)
                              E:/app/STM32CubeCLT_1.18.0/GNU-tools-for-STM32/bin/../lib/gcc/arm-none-eabi/13.3.1/../../../../arm-none-eabi/lib/thumb/v7-m/nofp\libc_nano.a(libc_a-closer.o) (errno)
E:/app/STM32CubeCLT_1.18.0/GNU-tools-for-STM32/bin/../lib/gcc/arm-none-eabi/13.3.1/../../../../arm-none-eabi/lib/thumb/v7-m/nofp\libc_nano.a(libc_a-impure.o)
                              E:/app/STM32CubeCLT_1.18.0/GNU-tools-for-STM32/bin/../lib/gcc/arm-none-eabi/13.3.1/../../../../arm-none-eabi/lib/thumb/v7-m/nofp\libc_nano.a(libc_a-reent.o) (_impure_ptr)
E:/app/STM32CubeCLT_1.18.0/GNU-tools-for-STM32/bin/../lib/gcc/arm-none-eabi/13.3.1/../../../../arm-none-eabi/lib/thumb/v7-m/nofp\libc_nano.a(libc_a-lseekr.o)
                              E:/app/STM32CubeCLT_1.18.0/GNU-tools-for-STM32/bin/../lib/gcc/arm-none-eabi/13.3.1/../../../../arm-none-eabi/lib/thumb/v7-m/nofp\libc_nano.a(libc_a-stdio.o) (_lseek_r)
E:/app/STM32CubeCLT_1.18.0/GNU-tools-for-STM32/bin/../lib/gcc/arm-none-eabi/13.3.1/../../../../arm-none-eabi/lib/thumb/v7-m/nofp\libc_nano.a(libc_a-readr.o)
                              E:/app/STM32CubeCLT_1.18.0/GNU-tools-for-STM32/bin/../lib/gcc/arm-none-eabi/13.3.1/../../../../arm-none-eabi/lib/thumb/v7-m/nofp\libc_nano.a(libc_a-stdio.o) (_read_r)
E:/app/STM32CubeCLT_1.18.0/GNU-tools-for-STM32/bin/../lib/gcc/arm-none-eabi/13.3.1/../../../../arm-none-eabi/lib/thumb/v7-m/nofp\libc_nano.a(libc_a-writer.o)
                              E:/app/STM32CubeCLT_1.18.0/GNU-tools-for-STM32/bin/../lib/gcc/arm-none-eabi/13.3.1/../../../../arm-none-eabi/lib/thumb/v7-m/nofp\libc_nano.a(libc_a-stdio.o) (_write_r)
E:/app/STM32CubeCLT_1.18.0/GNU-tools-for-STM32/bin/../lib/gcc/arm-none-eabi/13.3.1/../../../../arm-none-eabi/lib/thumb/v7-m/nofp\libc_nano.a(libc_a-init.o)
                              E:/app/STM32CubeCLT_1.18.0/GNU-tools-for-STM32/bin/../lib/gcc/arm-none-eabi/13.3.1/../../../../arm-none-eabi/lib/thumb/v7-m/nofp/crt0.o (__libc_init_array)
E:/app/STM32CubeCLT_1.18.0/GNU-tools-for-STM32/bin/../lib/gcc/arm-none-eabi/13.3.1/../../../../arm-none-eabi/lib/thumb/v7-m/nofp\libc_nano.a(libc_a-lock.o)
                              E:/app/STM32CubeCLT_1.18.0/GNU-tools-for-STM32/bin/../lib/gcc/arm-none-eabi/13.3.1/../../../../arm-none-eabi/lib/thumb/v7-m/nofp\libc_nano.a(libc_a-findfp.o) (__retarget_lock_init_recursive)
E:/app/STM32CubeCLT_1.18.0/GNU-tools-for-STM32/bin/../lib/gcc/arm-none-eabi/13.3.1/../../../../arm-none-eabi/lib/thumb/v7-m/nofp\libc_nano.a(libc_a-freer.o)
[...]
Memory Configuration

Name             Origin             Length             Attributes
RAM              0x20000000         0x00005000         xrw
FLASH            0x08000000         0x00010000         xr
*default*        0x00000000         0xffffffff

Linker script and memory map

LOAD E:/app/STM32CubeCLT_1.18.0/GNU-tools-for-STM32/bin/../lib/gcc/arm-none-eabi/13.3.1/thumb/v7-m/nofp/crti.o
LOAD E:/app/STM32CubeCLT_1.18.0/GNU-tools-for-STM32/bin/../lib/gcc/arm-none-eabi/13.3.1/thumb/v7-m/nofp/crtbegin.o
LOAD E:/app/STM32CubeCLT_1.18.0/GNU-tools-for-STM32/bin/../lib/gcc/arm-none-eabi/13.3.1/../../../../arm-none-eabi/lib/thumb/v7-m/nofp/crt0.o
START GROUP
LOAD E:/app/STM32CubeCLT_1.18.0/GNU-tools-for-STM32/bin/../lib/gcc/arm-none-eabi/13.3.1/../../../../arm-none-eabi/lib/thumb/v7-m/nofp\libc_nano.a
LOAD E:/app/STM32CubeCLT_1.18.0/GNU-tools-for-STM32/bin/../lib/gcc/arm-none-eabi/13.3.1/../../../../arm-none-eabi/lib/thumb/v7-m/nofp\libm.a
END GROUP
LOAD cmake/stm32cubemx/CMakeFiles/STM32_Drivers.dir/__/__/Core/Src/system_stm32f1xx.c.obj
LOAD cmake/stm32cubemx/CMakeFiles/STM32_Drivers.dir/__/__/Drivers/STM32F1xx_HAL_Driver/Src/stm32f1xx_hal_gpio_ex.c.obj
LOAD cmake/stm32cubemx/CMakeFiles/STM32_Drivers.dir/__/__/Drivers/STM32F1xx_HAL_Driver/Src/stm32f1xx_hal_i2c.c.obj
LOAD cmake/stm32cubemx/CMakeFiles/STM32_Drivers.dir/__/__/Drivers/STM32F1xx_HAL_Driver/Src/stm32f1xx_hal.c.obj
LOAD cmake/stm32cubemx/CMakeFiles/STM32_Drivers.dir/__/__/Drivers/STM32F1xx_HAL_Driver/Src/stm32f1xx_hal_rcc.c.obj
LOAD cmake/stm32cubemx/CMakeFiles/STM32_Drivers.dir/__/__/Drivers/STM32F1xx_HAL_Driver/Src/stm32f1xx_hal_rcc_ex.c.obj
LOAD cmake/stm32cubemx/CMakeFiles/STM32_Drivers.dir/__/__/Drivers/STM32F1xx_HAL_Driver/Src/stm32f1xx_hal_gpio.c.obj
LOAD cmake/stm32cubemx/CMakeFiles/STM32_Drivers.dir/__/__/Drivers/STM32F1xx_HAL_Driver/Src/stm32f1xx_hal_dma.c.obj
LOAD cmake/stm32cubemx/CMakeFiles/STM32_Drivers.dir/__/__/Drivers/STM32F1xx_HAL_Driver/Src/stm32f1xx_hal_cortex.c.obj
LOAD cmake/stm32cubemx/CMakeFiles/STM32_Drivers.dir/__/__/Drivers/STM32F1xx_HAL_Driver/Src/stm32f1xx_hal_pwr.c.obj
LOAD cmake/stm32cubemx/CMakeFiles/STM32_Drivers.dir/__/__/Drivers/STM32F1xx_HAL_Driver/Src/stm32f1xx_hal_flash.c.obj
LOAD cmake/stm32cubemx/CMakeFiles/STM32_Drivers.dir/__/__/Drivers/STM32F1xx_HAL_Driver/Src/stm32f1xx_hal_flash_ex.c.obj
LOAD cmake/stm32cubemx/CMakeFiles/STM32_Drivers.dir/__/__/Drivers/STM32F1xx_HAL_Driver/Src/stm32f1xx_hal_exti.c.obj
LOAD cmake/stm32cubemx/CMakeFiles/STM32_Drivers.dir/__/__/Drivers/STM32F1xx_HAL_Driver/Src/stm32f1xx_hal_spi.c.obj
LOAD cmake/stm32cubemx/CMakeFiles/STM32_Drivers.dir/__/__/Drivers/STM32F1xx_HAL_Driver/Src/stm32f1xx_hal_tim.c.obj
LOAD cmake/stm32cubemx/CMakeFiles/STM32_Drivers.dir/__/__/Drivers/STM32F1xx_HAL_Driver/Src/stm32f1xx_hal_tim_ex.c.obj
LOAD cmake/stm32cubemx/CMakeFiles/STM32_Drivers.dir/__/__/Drivers/STM32F1xx_HAL_Driver/Src/stm32f1xx_hal_uart.c.obj
LOAD cmake/stm32cubemx/CMakeFiles/STM32_Drivers.dir/__/__/Drivers/STM32F1xx_HAL_Driver/Src/stm32f1xx_hal_pcd.c.obj
LOAD cmake/stm32cubemx/CMakeFiles/STM32_Drivers.dir/__/__/Drivers/STM32F1xx_HAL_Driver/Src/stm32f1xx_hal_pcd_ex.c.obj
LOAD cmake/stm32cubemx/CMakeFiles/STM32_Drivers.dir/__/__/Drivers/STM32F1xx_HAL_Driver/Src/stm32f1xx_ll_usb.c.obj
LOAD CMakeFiles/Car.dir/Core/Src/main.c.obj
LOAD CMakeFiles/Car.dir/Core/Src/gpio.c.obj
LOAD CMakeFiles/Car.dir/Core/Src/dma.c.obj
LOAD CMakeFiles/Car.dir/Core/Src/i2c.c.obj
LOAD CMakeFiles/Car.dir/Core/Src/spi.c.obj
LOAD CMakeFiles/Car.dir/Core/Src/tim.c.obj
LOAD CMakeFiles/Car.dir/Core/Src/usart.c.obj
LOAD CMakeFiles/Car.dir/Core/Src/usb.c.obj
LOAD CMakeFiles/Car.dir/Core/Src/stm32f1xx_it.c.obj
LOAD CMakeFiles/Car.dir/Core/Src/stm32f1xx_hal_msp.c.obj
LOAD CMakeFiles/Car.dir/Core/Src/sysmem.c.obj
LOAD CMakeFiles/Car.dir/Core/Src/syscalls.c.obj
LOAD CMakeFiles/Car.dir/startup_stm32f103xb.s.obj
START GROUP
LOAD E:/app/STM32CubeCLT_1.18.0/GNU-tools-for-STM32/bin/../lib/gcc/arm-none-eabi/13.3.1/thumb/v7-m/nofp\libgcc.a
LOAD E:/app/STM32CubeCLT_1.18.0/GNU-tools-for-STM32/bin/../lib/gcc/arm-none-eabi/13.3.1/../../../../arm-none-eabi/lib/thumb/v7-m/nofp\libg_nano.a
LOAD E:/app/STM32CubeCLT_1.18.0/GNU-tools-for-STM32/bin/../lib/gcc/arm-none-eabi/13.3.1/../../../../arm-none-eabi/lib/thumb/v7-m/nofp\libc_nano.a
END GROUP
START GROUP
LOAD E:/app/STM32CubeCLT_1.18.0/GNU-tools-for-STM32/bin/../lib/gcc/arm-none-eabi/13.3.1/thumb/v7-m/nofp\libgcc.a
LOAD E:/app/STM32CubeCLT_1.18.0/GNU-tools-for-STM32/bin/../lib/gcc/arm-none-eabi/13.3.1/../../../../arm-none-eabi/lib/thumb/v7-m/nofp\libc_nano.a
END GROUP
LOAD E:/app/STM32CubeCLT_1.18.0/GNU-tools-for-STM32/bin/../lib/gcc/arm-none-eabi/13.3.1/thumb/v7-m/nofp/crtend.o
LOAD E:/app/STM32CubeCLT_1.18.0/GNU-tools-for-STM32/bin/../lib/gcc/arm-none-eabi/13.3.1/thumb/v7-m/nofp/crtn.o
                0x20005000                        _estack = (ORIGIN (RAM) + LENGTH (RAM))
                0x00000200                        _Min_Heap_Size = 0x200
                0x00000400                        _Min_Stack_Size = 0x400

.isr_vector     0x08000000      0x10c
                0x08000000                        . = ALIGN (0x4)
 *(.isr_vector)
 .isr_vector    0x08000000      0x10c CMakeFiles/Car.dir/startup_stm32f103xb.s.obj
                0x08000000                g_pfnVectors
                0x0800010c                        . = ALIGN (0x4)

.text           0x0800010c     0x4068
                0x0800010c                        . = ALIGN (0x4)
 *(.text)
 .text          0x0800010c       0x40 E:/app/STM32CubeCLT_1.18.0/GNU-tools-for-STM32/bin/../lib/gcc/arm-none-eabi/13.3.1/thumb/v7-m/nofp/crtbegin.o
 *(.text*)
 .text.memset   0x0800014c       0x10 E:/app/STM32CubeCLT_1.18.0/GNU-tools-for-STM32/bin/../lib/gcc/arm-none-eabi/13.3.1/../../../../arm-none-eabi/lib/thumb/v7-m/nofp\libc_nano.a(libc_a-memset.o)
                0x0800014c                memset
 .text.__libc_init_array
                0x0800015c       0x48 E:/app/STM32CubeCLT_1.18.0/GNU-tools-for-STM32/bin/../lib/gcc/arm-none-eabi/13.3.1/../../../../arm-none-eabi/lib/thumb/v7-m/nofp\libc_nano.a(libc_a-init.o)
                0x0800015c                __libc_init_array
 .text.SystemInit
                0x080001a4        0xc cmake/stm32cubemx/CMakeFiles/STM32_Drivers.dir/__/__/Core/Src/system_stm32f1xx.c.obj
                0x080001a4                SystemInit
 .text.HAL_I2C_Init
                0x080001b0      0x288 cmake/stm32cubemx/CMakeFiles/STM32_Drivers.dir/__/__/Drivers/STM32F1xx_HAL_Driver/Src/stm32f1xx_hal_i2c.c.obj
                0x080001b0                HAL_I2C_Init
 .text.HAL_Init
                0x08000438       0x2c cmake/stm32cubemx/CMakeFiles/STM32_Drivers.dir/__/__/Drivers/STM32F1xx_HAL_Driver/Src/stm32f1xx_hal.c.obj
                0x08000438                HAL_Init
 .text.HAL_InitTick
                0x08000464       0x60 cmake/stm32cubemx/CMakeFiles/STM32_Drivers.dir/__/__/Drivers/STM32F1xx_HAL_Driver/Src/stm32f1xx_hal.c.obj
                0x08000464                HAL_InitTick
 .text.HAL_IncTick
                0x080004c4       0x24 cmake/stm32cubemx/CMakeFiles/STM32_Drivers.dir/__/__/Drivers/STM32F1xx_HAL_Driver/Src/stm32f1xx_hal.c.obj
                0x080004c4                HAL_IncTick
 .text.HAL_GetTick
                0x080004e8       0x14 cmake/stm32cubemx/CMakeFiles/STM32_Drivers.dir/__/__/Drivers/STM32F1xx_HAL_Driver/Src/stm32f1xx_hal.c.obj
                0x080004e8                HAL_GetTick
 .text.HAL_RCC_OscConfig
                0x080004fc      0x504 cmake/stm32cubemx/CMakeFiles/STM32_Drivers.dir/__/__/Drivers/STM32F1xx_HAL_Driver/Src/stm32f1xx_hal_rcc.c.obj
                0x080004fc                HAL_RCC_OscConfig
 .text.HAL_RCC_ClockConfig
                0x08000a00      0x1d4 cmake/stm32cubemx/CMakeFiles/STM32_Drivers.dir/__/__/Drivers/STM32F1xx_HAL_Driver/Src/stm32f1xx_hal_rcc.c.obj
                0x08000a00                HAL_RCC_ClockConfig
 .text.HAL_RCC_GetSysClockFreq
                0x08000bd4       0xa8 cmake/stm32cubemx/CMakeFiles/STM32_Drivers.dir/__/__/Drivers/STM32F1xx_HAL_Driver/Src/stm32f1xx_hal_rcc.c.obj
                0x08000bd4                HAL_RCC_GetSysClockFreq
 .text.HAL_RCC_GetHCLKFreq
                0x08000c7c       0x14 cmake/stm32cubemx/CMakeFiles/STM32_Drivers.dir/__/__/Drivers/STM32F1xx_HAL_Driver/Src/stm32f1xx_hal_rcc.c.obj
                0x08000c7c                HAL_RCC_GetHCLKFreq
 .text.HAL_RCC_GetPCLK1Freq
                0x08000c90       0x28 cmake/stm32cubemx/CMakeFiles/STM32_Drivers.dir/__/__/Drivers/STM32F1xx_HAL_Driver/Src/stm32f1xx_hal_rcc.c.obj
                0x08000c90                HAL_RCC_GetPCLK1Freq
 .text.HAL_RCC_GetPCLK2Freq
                0x08000cb8       0x28 cmake/stm32cubemx/CMakeFiles/STM32_Drivers.dir/__/__/Drivers/STM32F1xx_HAL_Driver/Src/stm32f1xx_hal_rcc.c.obj
                0x08000cb8                HAL_RCC_GetPCLK2Freq
 .text.RCC_Delay
                0x08000ce0       0x3c cmake/stm32cubemx/CMakeFiles/STM32_Drivers.dir/__/__/Drivers/STM32F1xx_HAL_Driver/Src/stm32f1xx_hal_rcc.c.obj
 .text.HAL_RCCEx_PeriphCLKConfig
                0x08000d1c      0x16c cmake/stm32cubemx/CMakeFiles/STM32_Drivers.dir/__/__/Drivers/STM32F1xx_HAL_Driver/Src/stm32f1xx_hal_rcc_ex.c.obj
                0x08000d1c                HAL_RCCEx_PeriphCLKConfig
 .text.HAL_GPIO_Init
                0x08000e88      0x308 cmake/stm32cubemx/CMakeFiles/STM32_Drivers.dir/__/__/Drivers/STM32F1xx_HAL_Driver/Src/stm32f1xx_hal_gpio.c.obj
                0x08000e88                HAL_GPIO_Init
 .text.HAL_GPIO_WritePin
                0x08001190       0x30 cmake/stm32cubemx/CMakeFiles/STM32_Drivers.dir/__/__/Drivers/STM32F1xx_HAL_Driver/Src/stm32f1xx_hal_gpio.c.obj
                0x08001190                HAL_GPIO_WritePin
 .text.HAL_DMA_Init
                0x080011c0       0xb4 cmake/stm32cubemx/CMakeFiles/STM32_Drivers.dir/__/__/Drivers/STM32F1xx_HAL_Driver/Src/stm32f1xx_hal_dma.c.obj
                0x080011c0                HAL_DMA_Init
 .text.HAL_DMA_Abort
                0x08001274       0x76 cmake/stm32cubemx/CMakeFiles/STM32_Drivers.dir/__/__/Drivers/STM32F1xx_HAL_Driver/Src/stm32f1xx_hal_dma.c.obj
                0x08001274                HAL_DMA_Abort
 *fill*         0x080012ea        0x2 
 .text.HAL_DMA_Abort_IT
                0x080012ec       0xf0 cmake/stm32cubemx/CMakeFiles/STM32_Drivers.dir/__/__/Drivers/STM32F1xx_HAL_Driver/Src/stm32f1xx_hal_dma.c.obj
                0x080012ec                HAL_DMA_Abort_IT
 .text.HAL_DMA_IRQHandler
                0x080013dc      0x20c cmake/stm32cubemx/CMakeFiles/STM32_Drivers.dir/__/__/Drivers/STM32F1xx_HAL_Driver/Src/stm32f1xx_hal_dma.c.obj
                0x080013dc                HAL_DMA_IRQHandler
 .text.__NVIC_SetPriorityGrouping
                0x080015e8       0x48 cmake/stm32cubemx/CMakeFiles/STM32_Drivers.dir/__/__/Drivers/STM32F1xx_HAL_Driver/Src/stm32f1xx_hal_cortex.c.obj
 .text.__NVIC_GetPriorityGrouping
                0x08001630       0x1c cmake/stm32cubemx/CMakeFiles/STM32_Drivers.dir/__/__/Drivers/STM32F1xx_HAL_Driver/Src/stm32f1xx_hal_cortex.c.obj
 .text.__NVIC_EnableIRQ
                0x0800164c       0x38 cmake/stm32cubemx/CMakeFiles/STM32_Drivers.dir/__/__/Drivers/STM32F1xx_HAL_Driver/Src/stm32f1xx_hal_cortex.c.obj
 .text.__NVIC_SetPriority
                0x08001684       0x54 cmake/stm32cubemx/CMakeFiles/STM32_Drivers.dir/__/__/Drivers/STM32F1xx_HAL_Driver/Src/stm32f1xx_hal_cortex.c.obj
 .text.NVIC_EncodePriority
                0x080016d8       0x64 cmake/stm32cubemx/CMakeFiles/STM32_Drivers.dir/__/__/Drivers/STM32F1xx_HAL_Driver/Src/stm32f1xx_hal_cortex.c.obj
 .text.SysTick_Config
                0x0800173c       0x44 cmake/stm32cubemx/CMakeFiles/STM32_Drivers.dir/__/__/Drivers/STM32F1xx_HAL_Driver/Src/stm32f1xx_hal_cortex.c.obj
 .text.HAL_NVIC_SetPriorityGrouping
                0x08001780       0x16 cmake/stm32cubemx/CMakeFiles/STM32_Drivers.dir/__/__/Drivers/STM32F1xx_HAL_Driver/Src/stm32f1xx_hal_cortex.c.obj
                0x08001780                HAL_NVIC_SetPriorityGrouping
 .text.HAL_NVIC_SetPriority
                0x08001796       0x38 cmake/stm32cubemx/CMakeFiles/STM32_Drivers.dir/__/__/Drivers/STM32F1xx_HAL_Driver/Src/stm32f1xx_hal_cortex.c.obj
                0x08001796                HAL_NVIC_SetPriority
 .text.HAL_NVIC_EnableIRQ
                0x080017ce       0x1c cmake/stm32cubemx/CMakeFiles/STM32_Drivers.dir/__/__/Drivers/STM32F1xx_HAL_Driver/Src/stm32f1xx_hal_cortex.c.obj
                0x080017ce                HAL_NVIC_EnableIRQ
 .text.HAL_SYSTICK_Config
                0x080017ea       0x18 cmake/stm32cubemx/CMakeFiles/STM32_Drivers.dir/__/__/Drivers/STM32F1xx_HAL_Driver/Src/stm32f1xx_hal_cortex.c.obj
                0x080017ea                HAL_SYSTICK_Config
 .text.HAL_SPI_Init
                0x08001802      0x108 cmake/stm32cubemx/CMakeFiles/STM32_Drivers.dir/__/__/Drivers/STM32F1xx_HAL_Driver/Src/stm32f1xx_hal_spi.c.obj
                0x08001802                HAL_SPI_Init
 .text.HAL_TIM_PWM_Init
                0x0800190a       0x9e cmake/stm32cubemx/CMakeFiles/STM32_Drivers.dir/__/__/Drivers/STM32F1xx_HAL_Driver/Src/stm32f1xx_hal_tim.c.obj
                0x0800190a                HAL_TIM_PWM_Init
 .text.HAL_TIM_IC_Init
                0x080019a8       0x9e cmake/stm32cubemx/CMakeFiles/STM32_Drivers.dir/__/__/Drivers/STM32F1xx_HAL_Driver/Src/stm32f1xx_hal_tim.c.obj
                0x080019a8                HAL_TIM_IC_Init
 .text.HAL_TIM_IRQHandler
                0x08001a46      0x1e0 cmake/stm32cubemx/CMakeFiles/STM32_Drivers.dir/__/__/Drivers/STM32F1xx_HAL_Driver/Src/stm32f1xx_hal_tim.c.obj
                0x08001a46                HAL_TIM_IRQHandler
 .text.HAL_TIM_IC_ConfigChannel
                0x08001c26      0x138 cmake/stm32cubemx/CMakeFiles/STM32_Drivers.dir/__/__/Drivers/STM32F1xx_HAL_Driver/Src/stm32f1xx_hal_tim.c.obj
                0x08001c26                HAL_TIM_IC_ConfigChannel
 *fill*         0x08001d5e        0x2 
 .text.HAL_TIM_PWM_ConfigChannel
                0x08001d60      0x184 cmake/stm32cubemx/CMakeFiles/STM32_Drivers.dir/__/__/Drivers/STM32F1xx_HAL_Driver/Src/stm32f1xx_hal_tim.c.obj
                0x08001d60                HAL_TIM_PWM_ConfigChannel
 .text.HAL_TIM_PeriodElapsedCallback
                0x08001ee4       0x12 cmake/stm32cubemx/CMakeFiles/STM32_Drivers.dir/__/__/Drivers/STM32F1xx_HAL_Driver/Src/stm32f1xx_hal_tim.c.obj
                0x08001ee4                HAL_TIM_PeriodElapsedCallback
 .text.HAL_TIM_OC_DelayElapsedCallback
                0x08001ef6       0x12 cmake/stm32cubemx/CMakeFiles/STM32_Drivers.dir/__/__/Drivers/STM32F1xx_HAL_Driver/Src/stm32f1xx_hal_tim.c.obj
                0x08001ef6                HAL_TIM_OC_DelayElapsedCallback
 .text.HAL_TIM_IC_CaptureCallback
                0x08001f08       0x12 cmake/stm32cubemx/CMakeFiles/STM32_Drivers.dir/__/__/Drivers/STM32F1xx_HAL_Driver/Src/stm32f1xx_hal_tim.c.obj
                0x08001f08                HAL_TIM_IC_CaptureCallback
 .text.HAL_TIM_PWM_PulseFinishedCallback
                0x08001f1a       0x12 cmake/stm32cubemx/CMakeFiles/STM32_Drivers.dir/__/__/Drivers/STM32F1xx_HAL_Driver/Src/stm32f1xx_hal_tim.c.obj
                0x08001f1a                HAL_TIM_PWM_PulseFinishedCallback
 .text.HAL_TIM_TriggerCallback
                0x08001f2c       0x12 cmake/stm32cubemx/CMakeFiles/STM32_Drivers.dir/__/__/Drivers/STM32F1xx_HAL_Driver/Src/stm32f1xx_hal_tim.c.obj
                0x08001f2c                HAL_TIM_TriggerCallback
 *fill*         0x08001f3e        0x2 
 .text.TIM_Base_SetConfig
                0x08001f40       0xdc cmake/stm32cubemx/CMakeFiles/STM32_Drivers.dir/__/__/Drivers/STM32F1xx_HAL_Driver/Src/stm32f1xx_hal_tim.c.obj
                0x08001f40                TIM_Base_SetConfig
 .text.TIM_OC1_SetConfig
                0x0800201c       0xcc cmake/stm32cubemx/CMakeFiles/STM32_Drivers.dir/__/__/Drivers/STM32F1xx_HAL_Driver/Src/stm32f1xx_hal_tim.c.obj
 .text.TIM_OC2_SetConfig
                0x080020e8       0xd4 cmake/stm32cubemx/CMakeFiles/STM32_Drivers.dir/__/__/Drivers/STM32F1xx_HAL_Driver/Src/stm32f1xx_hal_tim.c.obj
                0x080020e8                TIM_OC2_SetConfig
 .text.TIM_OC3_SetConfig
                0x080021bc       0xd4 cmake/stm32cubemx/CMakeFiles/STM32_Drivers.dir/__/__/Drivers/STM32F1xx_HAL_Driver/Src/stm32f1xx_hal_tim.c.obj
 .text.TIM_OC4_SetConfig
                0x08002290       0x9c cmake/stm32cubemx/CMakeFiles/STM32_Drivers.dir/__/__/Drivers/STM32F1xx_HAL_Driver/Src/stm32f1xx_hal_tim.c.obj
 .text.TIM_TI1_SetConfig
                0x0800232c       0xb4 cmake/stm32cubemx/CMakeFiles/STM32_Drivers.dir/__/__/Drivers/STM32F1xx_HAL_Driver/Src/stm32f1xx_hal_tim.c.obj
                0x0800232c                TIM_TI1_SetConfig
 .text.TIM_TI2_SetConfig
                0x080023e0       0x78 cmake/stm32cubemx/CMakeFiles/STM32_Drivers.dir/__/__/Drivers/STM32F1xx_HAL_Driver/Src/stm32f1xx_hal_tim.c.obj
 .text.TIM_TI3_SetConfig
                0x08002458       0x76 cmake/stm32cubemx/CMakeFiles/STM32_Drivers.dir/__/__/Drivers/STM32F1xx_HAL_Driver/Src/stm32f1xx_hal_tim.c.obj
 .text.TIM_TI4_SetConfig
                0x080024ce       0x78 cmake/stm32cubemx/CMakeFiles/STM32_Drivers.dir/__/__/Drivers/STM32F1xx_HAL_Driver/Src/stm32f1xx_hal_tim.c.obj
 *fill*         0x08002546        0x2 
 .text.HAL_TIMEx_MasterConfigSynchronization
                0x08002548       0xbc cmake/stm32cubemx/CMakeFiles/STM32_Drivers.dir/__/__/Drivers/STM32F1xx_HAL_Driver/Src/stm32f1xx_hal_tim_ex.c.obj
                0x08002548                HAL_TIMEx_MasterConfigSynchronization
 .text.HAL_TIMEx_CommutCallback
                0x08002604       0x12 cmake/stm32cubemx/CMakeFiles/STM32_Drivers.dir/__/__/Drivers/STM32F1xx_HAL_Driver/Src/stm32f1xx_hal_tim_ex.c.obj
                0x08002604                HAL_TIMEx_CommutCallback
 .text.HAL_TIMEx_BreakCallback
                0x08002616       0x12 cmake/stm32cubemx/CMakeFiles/STM32_Drivers.dir/__/__/Drivers/STM32F1xx_HAL_Driver/Src/stm32f1xx_hal_tim_ex.c.obj
                0x08002616                HAL_TIMEx_BreakCallback
 .text.HAL_UART_Init
                0x08002628       0xa0 cmake/stm32cubemx/CMakeFiles/STM32_Drivers.dir/__/__/Drivers/STM32F1xx_HAL_Driver/Src/stm32f1xx_hal_uart.c.obj
                0x08002628                HAL_UART_Init
 .text.HAL_UART_IRQHandler
                0x080026c8      0x524 cmake/stm32cubemx/CMakeFiles/STM32_Drivers.dir/__/__/Drivers/STM32F1xx_HAL_Driver/Src/stm32f1xx_hal_uart.c.obj
                0x080026c8                HAL_UART_IRQHandler
 .text.HAL_UART_TxCpltCallback
                0x08002bec       0x12 cmake/stm32cubemx/CMakeFiles/STM32_Drivers.dir/__/__/Drivers/STM32F1xx_HAL_Driver/Src/stm32f1xx_hal_uart.c.obj
                0x08002bec                HAL_UART_TxCpltCallback
 .text.HAL_UART_RxCpltCallback
                0x08002bfe       0x12 cmake/stm32cubemx/CMakeFiles/STM32_Drivers.dir/__/__/Drivers/STM32F1xx_HAL_Driver/Src/stm32f1xx_hal_uart.c.obj
                0x08002bfe                HAL_UART_RxCpltCallback
 .text.HAL_UART_ErrorCallback
                0x08002c10       0x12 cmake/stm32cubemx/CMakeFiles/STM32_Drivers.dir/__/__/Drivers/STM32F1xx_HAL_Driver/Src/stm32f1xx_hal_uart.c.obj
                0x08002c10                HAL_UART_ErrorCallback
 .text.HAL_UARTEx_RxEventCallback
                0x08002c22       0x16 cmake/stm32cubemx/CMakeFiles/STM32_Drivers.dir/__/__/Drivers/STM32F1xx_HAL_Driver/Src/stm32f1xx_hal_uart.c.obj
                0x08002c22                HAL_UARTEx_RxEventCallback
 .text.UART_EndRxTransfer
                0x08002c38       0xc4 cmake/stm32cubemx/CMakeFiles/STM32_Drivers.dir/__/__/Drivers/STM32F1xx_HAL_Driver/Src/stm32f1xx_hal_uart.c.obj
 .text.UART_DMAAbortOnError
                0x08002cfc       0x28 cmake/stm32cubemx/CMakeFiles/STM32_Drivers.dir/__/__/Drivers/STM32F1xx_HAL_Driver/Src/stm32f1xx_hal_uart.c.obj
 .text.UART_Transmit_IT
                0x08002d24       0x9e cmake/stm32cubemx/CMakeFiles/STM32_Drivers.dir/__/__/Drivers/STM32F1xx_HAL_Driver/Src/stm32f1xx_hal_uart.c.obj
 .text.UART_EndTransmit_IT
                0x08002dc2       0x30 cmake/stm32cubemx/CMakeFiles/STM32_Drivers.dir/__/__/Drivers/STM32F1xx_HAL_Driver/Src/stm32f1xx_hal_uart.c.obj
 .text.UART_Receive_IT
                0x08002df2      0x17c cmake/stm32cubemx/CMakeFiles/STM32_Drivers.dir/__/__/Drivers/STM32F1xx_HAL_Driver/Src/stm32f1xx_hal_uart.c.obj
 *fill*         0x08002f6e        0x2 
 .text.UART_SetConfig
                0x08002f70      0x11c cmake/stm32cubemx/CMakeFiles/STM32_Drivers.dir/__/__/Drivers/STM32F1xx_HAL_Driver/Src/stm32f1xx_hal_uart.c.obj
 .text.HAL_PCD_Init
                0x0800308c      0x1ec cmake/stm32cubemx/CMakeFiles/STM32_Drivers.dir/__/__/Drivers/STM32F1xx_HAL_Driver/Src/stm32f1xx_hal_pcd.c.obj
                0x0800308c                HAL_PCD_Init
 .text.USB_CoreInit
                0x08003278       0x1a cmake/stm32cubemx/CMakeFiles/STM32_Drivers.dir/__/__/Drivers/STM32F1xx_HAL_Driver/Src/stm32f1xx_ll_usb.c.obj
                0x08003278                USB_CoreInit
 .text.USB_DisableGlobalInt
                0x08003292       0x34 cmake/stm32cubemx/CMakeFiles/STM32_Drivers.dir/__/__/Drivers/STM32F1xx_HAL_Driver/Src/stm32f1xx_ll_usb.c.obj
                0x08003292                USB_DisableGlobalInt
 .text.USB_SetCurrentMode
                0x080032c6       0x18 cmake/stm32cubemx/CMakeFiles/STM32_Drivers.dir/__/__/Drivers/STM32F1xx_HAL_Driver/Src/stm32f1xx_ll_usb.c.obj
                0x080032c6                USB_SetCurrentMode
 .text.USB_DevInit
                0x080032de       0x3a cmake/stm32cubemx/CMakeFiles/STM32_Drivers.dir/__/__/Drivers/STM32F1xx_HAL_Driver/Src/stm32f1xx_ll_usb.c.obj
                0x080032de                USB_DevInit
 .text.USB_DevDisconnect
                0x08003318       0x14 cmake/stm32cubemx/CMakeFiles/STM32_Drivers.dir/__/__/Drivers/STM32F1xx_HAL_Driver/Src/stm32f1xx_ll_usb.c.obj
                0x08003318                USB_DevDisconnect
 .text.main     0x0800332c       0x3c CMakeFiles/Car.dir/Core/Src/main.c.obj
                0x0800332c                main
 .text.SystemClock_Config
                0x08003368       0xb6 CMakeFiles/Car.dir/Core/Src/main.c.obj
                0x08003368                SystemClock_Config
 .text.Error_Handler
                0x0800341e        0xc CMakeFiles/Car.dir/Core/Src/main.c.obj
                0x0800341e                Error_Handler
 *fill*         0x0800342a        0x2 
 .text.MX_GPIO_Init
                0x0800342c      0x114 CMakeFiles/Car.dir/Core/Src/gpio.c.obj
                0x0800342c                MX_GPIO_Init
 .text.MX_DMA_Init
                0x08003540       0x5c CMakeFiles/Car.dir/Core/Src/dma.c.obj
                0x08003540                MX_DMA_Init
 .text.MX_I2C1_Init
                0x0800359c       0x5c CMakeFiles/Car.dir/Core/Src/i2c.c.obj
                0x0800359c                MX_I2C1_Init
 .text.HAL_I2C_MspInit
                0x080035f8       0x7c CMakeFiles/Car.dir/Core/Src/i2c.c.obj
                0x080035f8                HAL_I2C_MspInit
 .text.MX_SPI2_Init
                0x08003674       0x6c CMakeFiles/Car.dir/Core/Src/spi.c.obj
                0x08003674                MX_SPI2_Init
 .text.HAL_SPI_MspInit
                0x080036e0       0x98 CMakeFiles/Car.dir/Core/Src/spi.c.obj
                0x080036e0                HAL_SPI_MspInit
 .text.MX_TIM2_Init
                0x08003778       0xa4 CMakeFiles/Car.dir/Core/Src/tim.c.obj
                0x08003778                MX_TIM2_Init
 .text.MX_TIM3_Init
                0x0800381c       0xf4 CMakeFiles/Car.dir/Core/Src/tim.c.obj
                0x0800381c                MX_TIM3_Init
 .text.MX_TIM4_Init
                0x08003910       0xc8 CMakeFiles/Car.dir/Core/Src/tim.c.obj
                0x08003910                MX_TIM4_Init
 .text.HAL_TIM_IC_MspInit
                0x080039d8       0x88 CMakeFiles/Car.dir/Core/Src/tim.c.obj
                0x080039d8                HAL_TIM_IC_MspInit
 .text.HAL_TIM_PWM_MspInit
                0x08003a60       0x64 CMakeFiles/Car.dir/Core/Src/tim.c.obj
                0x08003a60                HAL_TIM_PWM_MspInit
 .text.HAL_TIM_MspPostInit
                0x08003ac4       0xdc CMakeFiles/Car.dir/Core/Src/tim.c.obj
                0x08003ac4                HAL_TIM_MspPostInit
 .text.MX_USART1_UART_Init
                0x08003ba0       0x54 CMakeFiles/Car.dir/Core/Src/usart.c.obj
                0x08003ba0                MX_USART1_UART_Init
 .text.MX_USART2_UART_Init
                0x08003bf4       0x54 CMakeFiles/Car.dir/Core/Src/usart.c.obj
                0x08003bf4                MX_USART2_UART_Init
 .text.MX_USART3_UART_Init
                0x08003c48       0x54 CMakeFiles/Car.dir/Core/Src/usart.c.obj
                0x08003c48                MX_USART3_UART_Init
 .text.HAL_UART_MspInit
                0x08003c9c      0x2ac CMakeFiles/Car.dir/Core/Src/usart.c.obj
                0x08003c9c                HAL_UART_MspInit
 .text.MX_USB_PCD_Init
                0x08003f48       0x44 CMakeFiles/Car.dir/Core/Src/usb.c.obj
                0x08003f48                MX_USB_PCD_Init
 .text.HAL_PCD_MspInit
                0x08003f8c       0x3c CMakeFiles/Car.dir/Core/Src/usb.c.obj
                0x08003f8c                HAL_PCD_MspInit
 .text.NMI_Handler
                0x08003fc8        0x8 CMakeFiles/Car.dir/Core/Src/stm32f1xx_it.c.obj
                0x08003fc8                NMI_Handler
 .text.HardFault_Handler
                0x08003fd0        0x8 CMakeFiles/Car.dir/Core/Src/stm32f1xx_it.c.obj
                0x08003fd0                HardFault_Handler
 .text.MemManage_Handler
                0x08003fd8        0x8 CMakeFiles/Car.dir/Core/Src/stm32f1xx_it.c.obj
                0x08003fd8                MemManage_Handler
 .text.BusFault_Handler
                0x08003fe0        0x8 CMakeFiles/Car.dir/Core/Src/stm32f1xx_it.c.obj
                0x08003fe0                BusFault_Handler
 .text.UsageFault_Handler
                0x08003fe8        0x8 CMakeFiles/Car.dir/Core/Src/stm32f1xx_it.c.obj
                0x08003fe8                UsageFault_Handler
 .text.SVC_Handler
                0x08003ff0        0xc CMakeFiles/Car.dir/Core/Src/stm32f1xx_it.c.obj
                0x08003ff0                SVC_Handler
 .text.DebugMon_Handler
                0x08003ffc        0xc CMakeFiles/Car.dir/Core/Src/stm32f1xx_it.c.obj
                0x08003ffc                DebugMon_Handler
 .text.PendSV_Handler
                0x08004008        0xc CMakeFiles/Car.dir/Core/Src/stm32f1xx_it.c.obj
                0x08004008                PendSV_Handler
 .text.SysTick_Handler
                0x08004014        0xc CMakeFiles/Car.dir/Core/Src/stm32f1xx_it.c.obj
                0x08004014                SysTick_Handler
 .text.DMA1_Channel3_IRQHandler
                0x08004020       0x14 CMakeFiles/Car.dir/Core/Src/stm32f1xx_it.c.obj
                0x08004020                DMA1_Channel3_IRQHandler
 .text.DMA1_Channel5_IRQHandler
                0x08004034       0x14 CMakeFiles/Car.dir/Core/Src/stm32f1xx_it.c.obj
                0x08004034                DMA1_Channel5_IRQHandler
 .text.DMA1_Channel6_IRQHandler
                0x08004048       0x14 CMakeFiles/Car.dir/Core/Src/stm32f1xx_it.c.obj
                0x08004048                DMA1_Channel6_IRQHandler
 .text.TIM2_IRQHandler
                0x0800405c       0x14 CMakeFiles/Car.dir/Core/Src/stm32f1xx_it.c.obj
                0x0800405c                TIM2_IRQHandler
 .text.USART1_IRQHandler
                0x08004070       0x14 CMakeFiles/Car.dir/Core/Src/stm32f1xx_it.c.obj
                0x08004070                USART1_IRQHandler
 .text.USART2_IRQHandler
                0x08004084       0x14 CMakeFiles/Car.dir/Core/Src/stm32f1xx_it.c.obj
                0x08004084                USART2_IRQHandler
 .text.USART3_IRQHandler
                0x08004098       0x14 CMakeFiles/Car.dir/Core/Src/stm32f1xx_it.c.obj
                0x08004098                USART3_IRQHandler
 .text.HAL_MspInit
                0x080040ac       0x64 CMakeFiles/Car.dir/Core/Src/stm32f1xx_hal_msp.c.obj
                0x080040ac                HAL_MspInit
 .text.Reset_Handler
                0x08004110       0x48 CMakeFiles/Car.dir/startup_stm32f103xb.s.obj
                0x08004110                Reset_Handler
 .text.Default_Handler
                0x08004158        0x2 CMakeFiles/Car.dir/startup_stm32f103xb.s.obj
                0x08004158                RTC_Alarm_IRQHandler
                0x08004158                EXTI2_IRQHandler
                0x08004158                TIM1_CC_IRQHandler
                0x08004158                PVD_IRQHandler
                0x08004158                EXTI3_IRQHandler
                0x08004158                EXTI0_IRQHandler
                0x08004158                I2C2_EV_IRQHandler
                0x08004158                ADC1_2_IRQHandler
                0x08004158                SPI1_IRQHandler
                0x08004158                TAMPER_IRQHandler
                0x08004158                DMA1_Channel4_IRQHandler
                0x08004158                RTC_IRQHandler
                0x08004158                DMA1_Channel7_IRQHandler
                0x08004158                CAN1_RX1_IRQHandler
                0x08004158                TIM4_IRQHandler
                0x08004158                I2C1_EV_IRQHandler
                0x08004158                TIM3_IRQHandler
                0x08004158                RCC_IRQHandler
                0x08004158                TIM1_TRG_COM_IRQHandler
                0x08004158                DMA1_Channel1_IRQHandler
                0x08004158                Default_Handler
                0x08004158                EXTI15_10_IRQHandler
                0x08004158                EXTI9_5_IRQHandler
                0x08004158                SPI2_IRQHandler
                0x08004158                EXTI4_IRQHandler
                0x08004158                USB_LP_CAN1_RX0_IRQHandler
                0x08004158                USB_HP_CAN1_TX_IRQHandler
                0x08004158                TIM1_UP_IRQHandler
                0x08004158                WWDG_IRQHandler
                0x08004158                TIM1_BRK_IRQHandler
                0x08004158                EXTI1_IRQHandler
                0x08004158                I2C2_ER_IRQHandler
                0x08004158                DMA1_Channel2_IRQHandler
                0x08004158                CAN1_SCE_IRQHandler
                0x08004158                FLASH_IRQHandler
                0x08004158                I2C1_ER_IRQHandler
                0x08004158                USBWakeUp_IRQHandler
 *(.glue_7)
 .glue_7        0x0800415a        0x0 linker stubs
 *(.glue_7t)
 .glue_7t       0x0800415a        0x0 linker stubs
 *(.eh_frame)
 *fill*         0x0800415a        0x2 
 .eh_frame      0x0800415c        0x0 E:/app/STM32CubeCLT_1.18.0/GNU-tools-for-STM32/bin/../lib/gcc/arm-none-eabi/13.3.1/thumb/v7-m/nofp/crtbegin.o
 *(.init)
 .init          0x0800415c        0x4 E:/app/STM32CubeCLT_1.18.0/GNU-tools-for-STM32/bin/../lib/gcc/arm-none-eabi/13.3.1/thumb/v7-m/nofp/crti.o
                0x0800415c                _init
 .init          0x08004160        0x8 E:/app/STM32CubeCLT_1.18.0/GNU-tools-for-STM32/bin/../lib/gcc/arm-none-eabi/13.3.1/thumb/v7-m/nofp/crtn.o
 *(.fini)
 .fini          0x08004168        0x4 E:/app/STM32CubeCLT_1.18.0/GNU-tools-for-STM32/bin/../lib/gcc/arm-none-eabi/13.3.1/thumb/v7-m/nofp/crti.o
                0x08004168                _fini
 .fini          0x0800416c        0x8 E:/app/STM32CubeCLT_1.18.0/GNU-tools-for-STM32/bin/../lib/gcc/arm-none-eabi/13.3.1/thumb/v7-m/nofp/crtn.o
                0x08004174                        . = ALIGN (0x4)
                0x08004174                        _etext = .

.vfp11_veneer   0x08004174        0x0
 .vfp11_veneer  0x08004174        0x0 linker stubs

.v4_bx          0x08004174        0x0
 .v4_bx         0x08004174        0x0 linker stubs

.iplt           0x08004174        0x0
 .iplt          0x08004174        0x0 E:/app/STM32CubeCLT_1.18.0/GNU-tools-for-STM32/bin/../lib/gcc/arm-none-eabi/13.3.1/thumb/v7-m/nofp/crtbegin.o

.rodata         0x08004174       0x2c
                0x08004174                        . = ALIGN (0x4)
 *(.rodata)
 *(.rodata*)
 .rodata.AHBPrescTable
                0x08004174       0x10 cmake/stm32cubemx/CMakeFiles/STM32_Drivers.dir/__/__/Core/Src/system_stm32f1xx.c.obj
                0x08004174                AHBPrescTable
 .rodata.APBPrescTable
                0x08004184        0x8 cmake/stm32cubemx/CMakeFiles/STM32_Drivers.dir/__/__/Core/Src/system_stm32f1xx.c.obj
                0x08004184                APBPrescTable
 .rodata.aPLLMULFactorTable.1
                0x0800418c       0x10 cmake/stm32cubemx/CMakeFiles/STM32_Drivers.dir/__/__/Drivers/STM32F1xx_HAL_Driver/Src/stm32f1xx_hal_rcc.c.obj
 .rodata.aPredivFactorTable.0
                0x0800419c        0x2 cmake/stm32cubemx/CMakeFiles/STM32_Drivers.dir/__/__/Drivers/STM32F1xx_HAL_Driver/Src/stm32f1xx_hal_rcc.c.obj
                0x080041a0                        . = ALIGN (0x4)
 *fill*         0x0800419e        0x2 

.ARM.extab      0x080041a0        0x0
                0x080041a0                        . = ALIGN (0x4)
 *(.ARM.extab* .gnu.linkonce.armextab.*)
                0x080041a0                        . = ALIGN (0x4)

.ARM            0x080041a0        0x0
                0x080041a0                        . = ALIGN (0x4)
                0x080041a0                        __exidx_start = .
 *(.ARM.exidx*)
                0x080041a0                        __exidx_end = .
                0x080041a0                        . = ALIGN (0x4)

.preinit_array  0x080041a0        0x0
                0x080041a0                        . = ALIGN (0x4)
                0x080041a0                        PROVIDE (__preinit_array_start = .)
 *(.preinit_array*)
                0x080041a0                        PROVIDE (__preinit_array_end = .)
                0x080041a0                        . = ALIGN (0x4)

.init_array     0x080041a0        0x4
                0x080041a0                        . = ALIGN (0x4)
                0x080041a0                        PROVIDE (__init_array_start = .)
 *(SORT_BY_NAME(.init_array.*))
 *(.init_array*)
 .init_array    0x080041a0        0x4 E:/app/STM32CubeCLT_1.18.0/GNU-tools-for-STM32/bin/../lib/gcc/arm-none-eabi/13.3.1/thumb/v7-m/nofp/crtbegin.o
                0x080041a4                        PROVIDE (__init_array_end = .)
                0x080041a4                        . = ALIGN (0x4)

.fini_array     0x080041a4        0x4
                0x080041a4                        . = ALIGN (0x4)
                [!provide]                        PROVIDE (__fini_array_start = .)
 *(SORT_BY_NAME(.fini_array.*))
 *(.fini_array*)
 .fini_array    0x080041a4        0x4 E:/app/STM32CubeCLT_1.18.0/GNU-tools-for-STM32/bin/../lib/gcc/arm-none-eabi/13.3.1/thumb/v7-m/nofp/crtbegin.o
                [!provide]                        PROVIDE (__fini_array_end = .)
                0x080041a8                        . = ALIGN (0x4)
                0x080041a8                        _sidata = LOADADDR (.data)

.rel.dyn        0x080041a8        0x0
 .rel.iplt      0x080041a8        0x0 E:/app/STM32CubeCLT_1.18.0/GNU-tools-for-STM32/bin/../lib/gcc/arm-none-eabi/13.3.1/thumb/v7-m/nofp/crtbegin.o

.data           0x20000000        0xc load address 0x080041a8
                0x20000000                        . = ALIGN (0x4)
                0x20000000                        _sdata = .
 *(.data)
 *(.data*)
 .data.SystemCoreClock
                0x20000000        0x4 cmake/stm32cubemx/CMakeFiles/STM32_Drivers.dir/__/__/Core/Src/system_stm32f1xx.c.obj
                0x20000000                SystemCoreClock
 .data.uwTickPrio
                0x20000004        0x4 cmake/stm32cubemx/CMakeFiles/STM32_Drivers.dir/__/__/Drivers/STM32F1xx_HAL_Driver/Src/stm32f1xx_hal.c.obj
                0x20000004                uwTickPrio
 .data.uwTickFreq
                0x20000008        0x1 cmake/stm32cubemx/CMakeFiles/STM32_Drivers.dir/__/__/Drivers/STM32F1xx_HAL_Driver/Src/stm32f1xx_hal.c.obj
                0x20000008                uwTickFreq
 *(.RamFunc)
 *(.RamFunc*)
                0x2000000c                        . = ALIGN (0x4)
 *fill*         0x20000009        0x3 
                0x2000000c                        _edata = .

.igot.plt       0x2000000c        0x0 load address 0x080041b4
 .igot.plt      0x2000000c        0x0 E:/app/STM32CubeCLT_1.18.0/GNU-tools-for-STM32/bin/../lib/gcc/arm-none-eabi/13.3.1/thumb/v7-m/nofp/crtbegin.o
                0x2000000c                        . = ALIGN (0x4)

.bss            0x2000000c      0x620 load address 0x080041b4
                0x2000000c                        _sbss = .
                0x2000000c                        __bss_start__ = _sbss
 *(.bss)
 .bss           0x2000000c       0x1c E:/app/STM32CubeCLT_1.18.0/GNU-tools-for-STM32/bin/../lib/gcc/arm-none-eabi/13.3.1/thumb/v7-m/nofp/crtbegin.o
 *(.bss*)
 .bss.uwTick    0x20000028        0x4 cmake/stm32cubemx/CMakeFiles/STM32_Drivers.dir/__/__/Drivers/STM32F1xx_HAL_Driver/Src/stm32f1xx_hal.c.obj
                0x20000028                uwTick
 .bss.hi2c1     0x2000002c       0x54 CMakeFiles/Car.dir/Core/Src/i2c.c.obj
                0x2000002c                hi2c1
 .bss.hspi2     0x20000080       0x58 CMakeFiles/Car.dir/Core/Src/spi.c.obj
                0x20000080                hspi2
 .bss.htim2     0x200000d8       0x48 CMakeFiles/Car.dir/Core/Src/tim.c.obj
                0x200000d8                htim2
 .bss.htim3     0x20000120       0x48 CMakeFiles/Car.dir/Core/Src/tim.c.obj
                0x20000120                htim3
 .bss.htim4     0x20000168       0x48 CMakeFiles/Car.dir/Core/Src/tim.c.obj
                0x20000168                htim4
 .bss.huart1    0x200001b0       0x48 CMakeFiles/Car.dir/Core/Src/usart.c.obj
                0x200001b0                huart1
 .bss.huart2    0x200001f8       0x48 CMakeFiles/Car.dir/Core/Src/usart.c.obj
                0x200001f8                huart2
 .bss.huart3    0x20000240       0x48 CMakeFiles/Car.dir/Core/Src/usart.c.obj
                0x20000240                huart3
 .bss.hdma_usart1_rx
                0x20000288       0x44 CMakeFiles/Car.dir/Core/Src/usart.c.obj
                0x20000288                hdma_usart1_rx
 .bss.hdma_usart2_rx
                0x200002cc       0x44 CMakeFiles/Car.dir/Core/Src/usart.c.obj
                0x200002cc                hdma_usart2_rx
 .bss.hdma_usart3_rx
                0x20000310       0x44 CMakeFiles/Car.dir/Core/Src/usart.c.obj
                0x20000310                hdma_usart3_rx
 .bss.hpcd_USB_FS
                0x20000354      0x2d8 CMakeFiles/Car.dir/Core/Src/usb.c.obj
                0x20000354                hpcd_USB_FS
 *(COMMON)
                0x2000062c                        . = ALIGN (0x4)
                0x2000062c                        _ebss = .
                0x2000062c                        __bss_end__ = _ebss

._user_heap_stack
                0x2000062c      0x604 load address 0x080041b4
                0x20000630                        . = ALIGN (0x8)
 *fill*         0x2000062c        0x4 
                [!provide]                        PROVIDE (end = .)
                0x20000630                        PROVIDE (_end = .)
                0x20000830                        . = (. + _Min_Heap_Size)
 *fill*         0x20000630      0x200 
                0x20000c30                        . = (. + _Min_Stack_Size)
 *fill*         0x20000830      0x400 
                0x20000c30                        . = ALIGN (0x8)

/DISCARD/
 libc.a(*)
 libm.a(*)
 libgcc.a(*)
OUTPUT(Car.elf elf32-littlearm)
LOAD linker stubs
LOAD E:/app/STM32CubeCLT_1.18.0/GNU-tools-for-STM32/bin/../lib/gcc/arm-none-eabi/13.3.1/../../../../arm-none-eabi/lib/thumb/v7-m/nofp\libc.a
LOAD E:/app/STM32CubeCLT_1.18.0/GNU-tools-for-STM32/bin/../lib/gcc/arm-none-eabi/13.3.1/../../../../arm-none-eabi/lib/thumb/v7-m/nofp\libm.a
LOAD E:/app/STM32CubeCLT_1.18.0/GNU-tools-for-STM32/bin/../lib/gcc/arm-none-eabi/13.3.1/thumb/v7-m/nofp\libgcc.a

.ARM.attributes
                0x00000000       0x29
 .ARM.attributes
                0x00000000       0x1d E:/app/STM32CubeCLT_1.18.0/GNU-tools-for-STM32/bin/../lib/gcc/arm-none-eabi/13.3.1/thumb/v7-m/nofp/crti.o
 .ARM.attributes
                0x0000001d       0x2d E:/app/STM32CubeCLT_1.18.0/GNU-tools-for-STM32/bin/../lib/gcc/arm-none-eabi/13.3.1/thumb/v7-m/nofp/crtbegin.o
 .ARM.attributes
                0x0000004a       0x2d E:/app/STM32CubeCLT_1.18.0/GNU-tools-for-STM32/bin/../lib/gcc/arm-none-eabi/13.3.1/../../../../arm-none-eabi/lib/thumb/v7-m/nofp\libc_nano.a(libc_a-memset.o)
 .ARM.attributes
                0x00000077       0x2d E:/app/STM32CubeCLT_1.18.0/GNU-tools-for-STM32/bin/../lib/gcc/arm-none-eabi/13.3.1/../../../../arm-none-eabi/lib/thumb/v7-m/nofp\libc_nano.a(libc_a-init.o)
 .ARM.attributes
                0x000000a4       0x2d cmake/stm32cubemx/CMakeFiles/STM32_Drivers.dir/__/__/Core/Src/system_stm32f1xx.c.obj
 .ARM.attributes
                0x000000d1       0x2d cmake/stm32cubemx/CMakeFiles/STM32_Drivers.dir/__/__/Drivers/STM32F1xx_HAL_Driver/Src/stm32f1xx_hal_i2c.c.obj
 .ARM.attributes
                0x000000fe       0x2d cmake/stm32cubemx/CMakeFiles/STM32_Drivers.dir/__/__/Drivers/STM32F1xx_HAL_Driver/Src/stm32f1xx_hal.c.obj
 .ARM.attributes
                0x0000012b       0x2d cmake/stm32cubemx/CMakeFiles/STM32_Drivers.dir/__/__/Drivers/STM32F1xx_HAL_Driver/Src/stm32f1xx_hal_rcc.c.obj
 .ARM.attributes
                0x00000158       0x2d cmake/stm32cubemx/CMakeFiles/STM32_Drivers.dir/__/__/Drivers/STM32F1xx_HAL_Driver/Src/stm32f1xx_hal_rcc_ex.c.obj
 .ARM.attributes
                0x00000185       0x2d cmake/stm32cubemx/CMakeFiles/STM32_Drivers.dir/__/__/Drivers/STM32F1xx_HAL_Driver/Src/stm32f1xx_hal_gpio.c.obj
 .ARM.attributes
                0x000001b2       0x2d cmake/stm32cubemx/CMakeFiles/STM32_Drivers.dir/__/__/Drivers/STM32F1xx_HAL_Driver/Src/stm32f1xx_hal_dma.c.obj
 .ARM.attributes
                0x000001df       0x2d cmake/stm32cubemx/CMakeFiles/STM32_Drivers.dir/__/__/Drivers/STM32F1xx_HAL_Driver/Src/stm32f1xx_hal_cortex.c.obj
 .ARM.attributes
                0x0000020c       0x2d cmake/stm32cubemx/CMakeFiles/STM32_Drivers.dir/__/__/Drivers/STM32F1xx_HAL_Driver/Src/stm32f1xx_hal_spi.c.obj
 .ARM.attributes
                0x00000239       0x2d cmake/stm32cubemx/CMakeFiles/STM32_Drivers.dir/__/__/Drivers/STM32F1xx_HAL_Driver/Src/stm32f1xx_hal_tim.c.obj
 .ARM.attributes
                0x00000266       0x2d cmake/stm32cubemx/CMakeFiles/STM32_Drivers.dir/__/__/Drivers/STM32F1xx_HAL_Driver/Src/stm32f1xx_hal_tim_ex.c.obj
 .ARM.attributes
                0x00000293       0x2d cmake/stm32cubemx/CMakeFiles/STM32_Drivers.dir/__/__/Drivers/STM32F1xx_HAL_Driver/Src/stm32f1xx_hal_uart.c.obj
 .ARM.attributes
                0x000002c0       0x2d cmake/stm32cubemx/CMakeFiles/STM32_Drivers.dir/__/__/Drivers/STM32F1xx_HAL_Driver/Src/stm32f1xx_hal_pcd.c.obj
 .ARM.attributes
                0x000002ed       0x2d cmake/stm32cubemx/CMakeFiles/STM32_Drivers.dir/__/__/Drivers/STM32F1xx_HAL_Driver/Src/stm32f1xx_ll_usb.c.obj
 .ARM.attributes
                0x0000031a       0x2d CMakeFiles/Car.dir/Core/Src/main.c.obj
 .ARM.attributes
                0x00000347       0x2d CMakeFiles/Car.dir/Core/Src/gpio.c.obj
 .ARM.attributes
                0x00000374       0x2d CMakeFiles/Car.dir/Core/Src/dma.c.obj
 .ARM.attributes
                0x000003a1       0x2d CMakeFiles/Car.dir/Core/Src/i2c.c.obj
 .ARM.attributes
                0x000003ce       0x2d CMakeFiles/Car.dir/Core/Src/spi.c.obj
 .ARM.attributes
                0x000003fb       0x2d CMakeFiles/Car.dir/Core/Src/tim.c.obj
 .ARM.attributes
                0x00000428       0x2d CMakeFiles/Car.dir/Core/Src/usart.c.obj
 .ARM.attributes
                0x00000455       0x2d CMakeFiles/Car.dir/Core/Src/usb.c.obj
 .ARM.attributes
                0x00000482       0x2d CMakeFiles/Car.dir/Core/Src/stm32f1xx_it.c.obj
 .ARM.attributes
                0x000004af       0x2d CMakeFiles/Car.dir/Core/Src/stm32f1xx_hal_msp.c.obj
 .ARM.attributes
                0x000004dc       0x21 CMakeFiles/Car.dir/startup_stm32f103xb.s.obj
 .ARM.attributes
                0x000004fd       0x1d E:/app/STM32CubeCLT_1.18.0/GNU-tools-for-STM32/bin/../lib/gcc/arm-none-eabi/13.3.1/thumb/v7-m/nofp/crtn.o

.comment        0x00000000       0x43
 .comment       0x00000000       0x43 cmake/stm32cubemx/CMakeFiles/STM32_Drivers.dir/__/__/Core/Src/system_stm32f1xx.c.obj
                                 0x44 (size before relaxing)
 .comment       0x00000043       0x44 cmake/stm32cubemx/CMakeFiles/STM32_Drivers.dir/__/__/Drivers/STM32F1xx_HAL_Driver/Src/stm32f1xx_hal_i2c.c.obj
 .comment       0x00000043       0x44 cmake/stm32cubemx/CMakeFiles/STM32_Drivers.dir/__/__/Drivers/STM32F1xx_HAL_Driver/Src/stm32f1xx_hal.c.obj
 .comment       0x00000043       0x44 cmake/stm32cubemx/CMakeFiles/STM32_Drivers.dir/__/__/Drivers/STM32F1xx_HAL_Driver/Src/stm32f1xx_hal_rcc.c.obj
 .comment       0x00000043       0x44 cmake/stm32cubemx/CMakeFiles/STM32_Drivers.dir/__/__/Drivers/STM32F1xx_HAL_Driver/Src/stm32f1xx_hal_rcc_ex.c.obj
 .comment       0x00000043       0x44 cmake/stm32cubemx/CMakeFiles/STM32_Drivers.dir/__/__/Drivers/STM32F1xx_HAL_Driver/Src/stm32f1xx_hal_gpio.c.obj
 .comment       0x00000043       0x44 cmake/stm32cubemx/CMakeFiles/STM32_Drivers.dir/__/__/Drivers/STM32F1xx_HAL_Driver/Src/stm32f1xx_hal_dma.c.obj
 .comment       0x00000043       0x44 cmake/stm32cubemx/CMakeFiles/STM32_Drivers.dir/__/__/Drivers/STM32F1xx_HAL_Driver/Src/stm32f1xx_hal_cortex.c.obj
 .comment       0x00000043       0x44 cmake/stm32cubemx/CMakeFiles/STM32_Drivers.dir/__/__/Drivers/STM32F1xx_HAL_Driver/Src/stm32f1xx_hal_spi.c.obj
 .comment       0x00000043       0x44 cmake/stm32cubemx/CMakeFiles/STM32_Drivers.dir/__/__/Drivers/STM32F1xx_HAL_Driver/Src/stm32f1xx_hal_tim.c.obj
 .comment       0x00000043       0x44 cmake/stm32cubemx/CMakeFiles/STM32_Drivers.dir/__/__/Drivers/STM32F1xx_HAL_Driver/Src/stm32f1xx_hal_tim_ex.c.obj
 .comment       0x00000043       0x44 cmake/stm32cubemx/CMakeFiles/STM32_Drivers.dir/__/__/Drivers/STM32F1xx_HAL_Driver/Src/stm32f1xx_hal_uart.c.obj
 .comment       0x00000043       0x44 cmake/stm32cubemx/CMakeFiles/STM32_Drivers.dir/__/__/Drivers/STM32F1xx_HAL_Driver/Src/stm32f1xx_hal_pcd.c.obj
 .comment       0x00000043       0x44 cmake/stm32cubemx/CMakeFiles/STM32_Drivers.dir/__/__/Drivers/STM32F1xx_HAL_Driver/Src/stm32f1xx_ll_usb.c.obj
 .comment       0x00000043       0x44 CMakeFiles/Car.dir/Core/Src/main.c.obj
 .comment       0x00000043       0x44 CMakeFiles/Car.dir/Core/Src/gpio.c.obj
 .comment       0x00000043       0x44 CMakeFiles/Car.dir/Core/Src/dma.c.obj
 .comment       0x00000043       0x44 CMakeFiles/Car.dir/Core/Src/i2c.c.obj
 .comment       0x00000043       0x44 CMakeFiles/Car.dir/Core/Src/spi.c.obj
 .comment       0x00000043       0x44 CMakeFiles/Car.dir/Core/Src/tim.c.obj
 .comment       0x00000043       0x44 CMakeFiles/Car.dir/Core/Src/usart.c.obj
 .comment       0x00000043       0x44 CMakeFiles/Car.dir/Core/Src/usb.c.obj
 .comment       0x00000043       0x44 CMakeFiles/Car.dir/Core/Src/stm32f1xx_it.c.obj
 .comment       0x00000043       0x44 CMakeFiles/Car.dir/Core/Src/stm32f1xx_hal_msp.c.obj

.debug_frame    0x00000000     0x53e8
 .debug_frame   0x00000000       0x20 E:/app/STM32CubeCLT_1.18.0/GNU-tools-for-STM32/bin/../lib/gcc/arm-none-eabi/13.3.1/../../../../arm-none-eabi/lib/thumb/v7-m/nofp\libc_nano.a(libc_a-memset.o)
 .debug_frame   0x00000020       0x2c E:/app/STM32CubeCLT_1.18.0/GNU-tools-for-STM32/bin/../lib/gcc/arm-none-eabi/13.3.1/../../../../arm-none-eabi/lib/thumb/v7-m/nofp\libc_nano.a(libc_a-init.o)
 .debug_frame   0x0000004c       0x58 cmake/stm32cubemx/CMakeFiles/STM32_Drivers.dir/__/__/Core/Src/system_stm32f1xx.c.obj
 .debug_frame   0x000000a4      0xc84 cmake/stm32cubemx/CMakeFiles/STM32_Drivers.dir/__/__/Drivers/STM32F1xx_HAL_Driver/Src/stm32f1xx_hal_i2c.c.obj
 .debug_frame   0x00000d28      0x334 cmake/stm32cubemx/CMakeFiles/STM32_Drivers.dir/__/__/Drivers/STM32F1xx_HAL_Driver/Src/stm32f1xx_hal.c.obj
 .debug_frame   0x0000105c      0x218 cmake/stm32cubemx/CMakeFiles/STM32_Drivers.dir/__/__/Drivers/STM32F1xx_HAL_Driver/Src/stm32f1xx_hal_rcc.c.obj
 .debug_frame   0x00001274       0x80 cmake/stm32cubemx/CMakeFiles/STM32_Drivers.dir/__/__/Drivers/STM32F1xx_HAL_Driver/Src/stm32f1xx_hal_rcc_ex.c.obj
 .debug_frame   0x000012f4      0x14c cmake/stm32cubemx/CMakeFiles/STM32_Drivers.dir/__/__/Drivers/STM32F1xx_HAL_Driver/Src/stm32f1xx_hal_gpio.c.obj
 .debug_frame   0x00001440      0x208 cmake/stm32cubemx/CMakeFiles/STM32_Drivers.dir/__/__/Drivers/STM32F1xx_HAL_Driver/Src/stm32f1xx_hal_dma.c.obj
 .debug_frame   0x00001648      0x428 cmake/stm32cubemx/CMakeFiles/STM32_Drivers.dir/__/__/Drivers/STM32F1xx_HAL_Driver/Src/stm32f1xx_hal_cortex.c.obj
 .debug_frame   0x00001a70      0x824 cmake/stm32cubemx/CMakeFiles/STM32_Drivers.dir/__/__/Drivers/STM32F1xx_HAL_Driver/Src/stm32f1xx_hal_spi.c.obj
 .debug_frame   0x00002294     0x11b8 cmake/stm32cubemx/CMakeFiles/STM32_Drivers.dir/__/__/Drivers/STM32F1xx_HAL_Driver/Src/stm32f1xx_hal_tim.c.obj
 .debug_frame   0x0000344c      0x638 cmake/stm32cubemx/CMakeFiles/STM32_Drivers.dir/__/__/Drivers/STM32F1xx_HAL_Driver/Src/stm32f1xx_hal_tim_ex.c.obj
 .debug_frame   0x00003a84      0x944 cmake/stm32cubemx/CMakeFiles/STM32_Drivers.dir/__/__/Drivers/STM32F1xx_HAL_Driver/Src/stm32f1xx_hal_uart.c.obj
 .debug_frame   0x000043c8      0x594 cmake/stm32cubemx/CMakeFiles/STM32_Drivers.dir/__/__/Drivers/STM32F1xx_HAL_Driver/Src/stm32f1xx_hal_pcd.c.obj
 .debug_frame   0x0000495c      0x470 cmake/stm32cubemx/CMakeFiles/STM32_Drivers.dir/__/__/Drivers/STM32F1xx_HAL_Driver/Src/stm32f1xx_ll_usb.c.obj
 .debug_frame   0x00004dcc       0x68 CMakeFiles/Car.dir/Core/Src/main.c.obj
 .debug_frame   0x00004e34       0x34 CMakeFiles/Car.dir/Core/Src/gpio.c.obj
 .debug_frame   0x00004e68       0x34 CMakeFiles/Car.dir/Core/Src/dma.c.obj
 .debug_frame   0x00004e9c       0x74 CMakeFiles/Car.dir/Core/Src/i2c.c.obj
 .debug_frame   0x00004f10       0x74 CMakeFiles/Car.dir/Core/Src/spi.c.obj
 .debug_frame   0x00004f84      0x138 CMakeFiles/Car.dir/Core/Src/tim.c.obj
 .debug_frame   0x000050bc       0xb0 CMakeFiles/Car.dir/Core/Src/usart.c.obj
 .debug_frame   0x0000516c       0x7c CMakeFiles/Car.dir/Core/Src/usb.c.obj
 .debug_frame   0x000051e8      0x1c8 CMakeFiles/Car.dir/Core/Src/stm32f1xx_it.c.obj
 .debug_frame   0x000053b0       0x38 CMakeFiles/Car.dir/Core/Src/stm32f1xx_hal_msp.c.obj

.debug_info     0x00000000    0x1430b
 .debug_info    0x00000000      0x222 cmake/stm32cubemx/CMakeFiles/STM32_Drivers.dir/__/__/Core/Src/system_stm32f1xx.c.obj
 .debug_info    0x00000222     0x2524 cmake/stm32cubemx/CMakeFiles/STM32_Drivers.dir/__/__/Drivers/STM32F1xx_HAL_Driver/Src/stm32f1xx_hal_i2c.c.obj
 .debug_info    0x00002746      0x704 cmake/stm32cubemx/CMakeFiles/STM32_Drivers.dir/__/__/Drivers/STM32F1xx_HAL_Driver/Src/stm32f1xx_hal.c.obj
 .debug_info    0x00002e4a      0x7d5 cmake/stm32cubemx/CMakeFiles/STM32_Drivers.dir/__/__/Drivers/STM32F1xx_HAL_Driver/Src/stm32f1xx_hal_rcc.c.obj
 .debug_info    0x0000361f      0x3c0 cmake/stm32cubemx/CMakeFiles/STM32_Drivers.dir/__/__/Drivers/STM32F1xx_HAL_Driver/Src/stm32f1xx_hal_rcc_ex.c.obj
 .debug_info    0x000039df      0x5ab cmake/stm32cubemx/CMakeFiles/STM32_Drivers.dir/__/__/Drivers/STM32F1xx_HAL_Driver/Src/stm32f1xx_hal_gpio.c.obj
 .debug_info    0x00003f8a      0x6d2 cmake/stm32cubemx/CMakeFiles/STM32_Drivers.dir/__/__/Drivers/STM32F1xx_HAL_Driver/Src/stm32f1xx_hal_dma.c.obj
 .debug_info    0x0000465c      0xa87 cmake/stm32cubemx/CMakeFiles/STM32_Drivers.dir/__/__/Drivers/STM32F1xx_HAL_Driver/Src/stm32f1xx_hal_cortex.c.obj
 .debug_info    0x000050e3     0x142d cmake/stm32cubemx/CMakeFiles/STM32_Drivers.dir/__/__/Drivers/STM32F1xx_HAL_Driver/Src/stm32f1xx_hal_spi.c.obj
 .debug_info    0x00006510     0x2959 cmake/stm32cubemx/CMakeFiles/STM32_Drivers.dir/__/__/Drivers/STM32F1xx_HAL_Driver/Src/stm32f1xx_hal_tim.c.obj
 .debug_info    0x00008e69     0x149b cmake/stm32cubemx/CMakeFiles/STM32_Drivers.dir/__/__/Drivers/STM32F1xx_HAL_Driver/Src/stm32f1xx_hal_tim_ex.c.obj
 .debug_info    0x0000a304     0x2eed cmake/stm32cubemx/CMakeFiles/STM32_Drivers.dir/__/__/Drivers/STM32F1xx_HAL_Driver/Src/stm32f1xx_hal_uart.c.obj
 .debug_info    0x0000d1f1     0x16dc cmake/stm32cubemx/CMakeFiles/STM32_Drivers.dir/__/__/Drivers/STM32F1xx_HAL_Driver/Src/stm32f1xx_hal_pcd.c.obj
 .debug_info    0x0000e8cd     0x17ae cmake/stm32cubemx/CMakeFiles/STM32_Drivers.dir/__/__/Drivers/STM32F1xx_HAL_Driver/Src/stm32f1xx_ll_usb.c.obj
 .debug_info    0x0001007b      0x341 CMakeFiles/Car.dir/Core/Src/main.c.obj
 .debug_info    0x000103bc      0x2b7 CMakeFiles/Car.dir/Core/Src/gpio.c.obj
 .debug_info    0x00010673      0x2cf CMakeFiles/Car.dir/Core/Src/dma.c.obj
 .debug_info    0x00010942      0x7e3 CMakeFiles/Car.dir/Core/Src/i2c.c.obj
 .debug_info    0x00011125      0x7bc CMakeFiles/Car.dir/Core/Src/spi.c.obj
 .debug_info    0x000118e1      0xd2d CMakeFiles/Car.dir/Core/Src/tim.c.obj
 .debug_info    0x0001260e      0xa43 CMakeFiles/Car.dir/Core/Src/usart.c.obj
 .debug_info    0x00013051      0x6b1 CMakeFiles/Car.dir/Core/Src/usb.c.obj
 .debug_info    0x00013702      0x9e8 CMakeFiles/Car.dir/Core/Src/stm32f1xx_it.c.obj
 .debug_info    0x000140ea      0x1f1 CMakeFiles/Car.dir/Core/Src/stm32f1xx_hal_msp.c.obj
 .debug_info    0x000142db       0x30 CMakeFiles/Car.dir/startup_stm32f103xb.s.obj

.debug_abbrev   0x00000000     0x312b
 .debug_abbrev  0x00000000      0x13f cmake/stm32cubemx/CMakeFiles/STM32_Drivers.dir/__/__/Core/Src/system_stm32f1xx.c.obj
 .debug_abbrev  0x0000013f      0x2a3 cmake/stm32cubemx/CMakeFiles/STM32_Drivers.dir/__/__/Drivers/STM32F1xx_HAL_Driver/Src/stm32f1xx_hal_i2c.c.obj
 .debug_abbrev  0x000003e2      0x201 cmake/stm32cubemx/CMakeFiles/STM32_Drivers.dir/__/__/Drivers/STM32F1xx_HAL_Driver/Src/stm32f1xx_hal.c.obj
 .debug_abbrev  0x000005e3      0x2b3 cmake/stm32cubemx/CMakeFiles/STM32_Drivers.dir/__/__/Drivers/STM32F1xx_HAL_Driver/Src/stm32f1xx_hal_rcc.c.obj
 .debug_abbrev  0x00000896      0x188 cmake/stm32cubemx/CMakeFiles/STM32_Drivers.dir/__/__/Drivers/STM32F1xx_HAL_Driver/Src/stm32f1xx_hal_rcc_ex.c.obj
 .debug_abbrev  0x00000a1e      0x1ca cmake/stm32cubemx/CMakeFiles/STM32_Drivers.dir/__/__/Drivers/STM32F1xx_HAL_Driver/Src/stm32f1xx_hal_gpio.c.obj
 .debug_abbrev  0x00000be8      0x20b cmake/stm32cubemx/CMakeFiles/STM32_Drivers.dir/__/__/Drivers/STM32F1xx_HAL_Driver/Src/stm32f1xx_hal_dma.c.obj
 .debug_abbrev  0x00000df3      0x2f8 cmake/stm32cubemx/CMakeFiles/STM32_Drivers.dir/__/__/Drivers/STM32F1xx_HAL_Driver/Src/stm32f1xx_hal_cortex.c.obj
 .debug_abbrev  0x000010eb      0x27a cmake/stm32cubemx/CMakeFiles/STM32_Drivers.dir/__/__/Drivers/STM32F1xx_HAL_Driver/Src/stm32f1xx_hal_spi.c.obj
 .debug_abbrev  0x00001365      0x277 cmake/stm32cubemx/CMakeFiles/STM32_Drivers.dir/__/__/Drivers/STM32F1xx_HAL_Driver/Src/stm32f1xx_hal_tim.c.obj
 .debug_abbrev  0x000015dc      0x282 cmake/stm32cubemx/CMakeFiles/STM32_Drivers.dir/__/__/Drivers/STM32F1xx_HAL_Driver/Src/stm32f1xx_hal_tim_ex.c.obj
 .debug_abbrev  0x0000185e      0x2f8 cmake/stm32cubemx/CMakeFiles/STM32_Drivers.dir/__/__/Drivers/STM32F1xx_HAL_Driver/Src/stm32f1xx_hal_uart.c.obj
 .debug_abbrev  0x00001b56      0x2d6 cmake/stm32cubemx/CMakeFiles/STM32_Drivers.dir/__/__/Drivers/STM32F1xx_HAL_Driver/Src/stm32f1xx_hal_pcd.c.obj
 .debug_abbrev  0x00001e2c      0x1de cmake/stm32cubemx/CMakeFiles/STM32_Drivers.dir/__/__/Drivers/STM32F1xx_HAL_Driver/Src/stm32f1xx_ll_usb.c.obj
 .debug_abbrev  0x0000200a      0x194 CMakeFiles/Car.dir/Core/Src/main.c.obj
 .debug_abbrev  0x0000219e      0x13f CMakeFiles/Car.dir/Core/Src/gpio.c.obj
 .debug_abbrev  0x000022dd       0xfc CMakeFiles/Car.dir/Core/Src/dma.c.obj
 .debug_abbrev  0x000023d9      0x1de CMakeFiles/Car.dir/Core/Src/i2c.c.obj
 .debug_abbrev  0x000025b7      0x1e7 CMakeFiles/Car.dir/Core/Src/spi.c.obj
 .debug_abbrev  0x0000279e      0x2b9 CMakeFiles/Car.dir/Core/Src/tim.c.obj
 .debug_abbrev  0x00002a57      0x24a CMakeFiles/Car.dir/Core/Src/usart.c.obj
 .debug_abbrev  0x00002ca1      0x1d5 CMakeFiles/Car.dir/Core/Src/usb.c.obj
 .debug_abbrev  0x00002e76      0x1b6 CMakeFiles/Car.dir/Core/Src/stm32f1xx_it.c.obj
 .debug_abbrev  0x0000302c       0xdb CMakeFiles/Car.dir/Core/Src/stm32f1xx_hal_msp.c.obj
 .debug_abbrev  0x00003107       0x24 CMakeFiles/Car.dir/startup_stm32f103xb.s.obj

.debug_aranges  0x00000000     0x1408
 .debug_aranges
                0x00000000       0x28 cmake/stm32cubemx/CMakeFiles/STM32_Drivers.dir/__/__/Core/Src/system_stm32f1xx.c.obj
 .debug_aranges
                0x00000028      0x2a8 cmake/stm32cubemx/CMakeFiles/STM32_Drivers.dir/__/__/Drivers/STM32F1xx_HAL_Driver/Src/stm32f1xx_hal_i2c.c.obj
 .debug_aranges
                0x000002d0       0xe0 cmake/stm32cubemx/CMakeFiles/STM32_Drivers.dir/__/__/Drivers/STM32F1xx_HAL_Driver/Src/stm32f1xx_hal.c.obj
 .debug_aranges
                0x000003b0       0x90 cmake/stm32cubemx/CMakeFiles/STM32_Drivers.dir/__/__/Drivers/STM32F1xx_HAL_Driver/Src/stm32f1xx_hal_rcc.c.obj
 .debug_aranges
                0x00000440       0x30 cmake/stm32cubemx/CMakeFiles/STM32_Drivers.dir/__/__/Drivers/STM32F1xx_HAL_Driver/Src/stm32f1xx_hal_rcc_ex.c.obj
 .debug_aranges
                0x00000470       0x58 cmake/stm32cubemx/CMakeFiles/STM32_Drivers.dir/__/__/Drivers/STM32F1xx_HAL_Driver/Src/stm32f1xx_hal_gpio.c.obj
 .debug_aranges
                0x000004c8       0x80 cmake/stm32cubemx/CMakeFiles/STM32_Drivers.dir/__/__/Drivers/STM32F1xx_HAL_Driver/Src/stm32f1xx_hal_dma.c.obj
 .debug_aranges
                0x00000548      0x100 cmake/stm32cubemx/CMakeFiles/STM32_Drivers.dir/__/__/Drivers/STM32F1xx_HAL_Driver/Src/stm32f1xx_hal_cortex.c.obj
 .debug_aranges
                0x00000648      0x1d0 cmake/stm32cubemx/CMakeFiles/STM32_Drivers.dir/__/__/Drivers/STM32F1xx_HAL_Driver/Src/stm32f1xx_hal_spi.c.obj
 .debug_aranges
                0x00000818      0x3d0 cmake/stm32cubemx/CMakeFiles/STM32_Drivers.dir/__/__/Drivers/STM32F1xx_HAL_Driver/Src/stm32f1xx_hal_tim.c.obj
 .debug_aranges
                0x00000be8      0x168 cmake/stm32cubemx/CMakeFiles/STM32_Drivers.dir/__/__/Drivers/STM32F1xx_HAL_Driver/Src/stm32f1xx_hal_tim_ex.c.obj
 .debug_aranges
                0x00000d50      0x208 cmake/stm32cubemx/CMakeFiles/STM32_Drivers.dir/__/__/Drivers/STM32F1xx_HAL_Driver/Src/stm32f1xx_hal_uart.c.obj
 .debug_aranges
                0x00000f58      0x140 cmake/stm32cubemx/CMakeFiles/STM32_Drivers.dir/__/__/Drivers/STM32F1xx_HAL_Driver/Src/stm32f1xx_hal_pcd.c.obj
 .debug_aranges
                0x00001098       0xf8 cmake/stm32cubemx/CMakeFiles/STM32_Drivers.dir/__/__/Drivers/STM32F1xx_HAL_Driver/Src/stm32f1xx_ll_usb.c.obj
 .debug_aranges
                0x00001190       0x30 CMakeFiles/Car.dir/Core/Src/main.c.obj
 .debug_aranges
                0x000011c0       0x20 CMakeFiles/Car.dir/Core/Src/gpio.c.obj
 .debug_aranges
                0x000011e0       0x20 CMakeFiles/Car.dir/Core/Src/dma.c.obj
 .debug_aranges
                0x00001200       0x30 CMakeFiles/Car.dir/Core/Src/i2c.c.obj
 .debug_aranges
                0x00001230       0x30 CMakeFiles/Car.dir/Core/Src/spi.c.obj
 .debug_aranges
                0x00001260       0x58 CMakeFiles/Car.dir/Core/Src/tim.c.obj
 .debug_aranges
                0x000012b8       0x40 CMakeFiles/Car.dir/Core/Src/usart.c.obj
 .debug_aranges
                0x000012f8       0x30 CMakeFiles/Car.dir/Core/Src/usb.c.obj
 .debug_aranges
                0x00001328       0x98 CMakeFiles/Car.dir/Core/Src/stm32f1xx_it.c.obj
 .debug_aranges
                0x000013c0       0x20 CMakeFiles/Car.dir/Core/Src/stm32f1xx_hal_msp.c.obj
 .debug_aranges
                0x000013e0       0x28 CMakeFiles/Car.dir/startup_stm32f103xb.s.obj

.debug_rnglists
                0x00000000      0xfab
 .debug_rnglists
                0x00000000       0x1a cmake/stm32cubemx/CMakeFiles/STM32_Drivers.dir/__/__/Core/Src/system_stm32f1xx.c.obj
 .debug_rnglists
                0x0000001a      0x23c cmake/stm32cubemx/CMakeFiles/STM32_Drivers.dir/__/__/Drivers/STM32F1xx_HAL_Driver/Src/stm32f1xx_hal_i2c.c.obj
 .debug_rnglists
                0x00000256       0xa3 cmake/stm32cubemx/CMakeFiles/STM32_Drivers.dir/__/__/Drivers/STM32F1xx_HAL_Driver/Src/stm32f1xx_hal.c.obj
 .debug_rnglists
                0x000002f9       0x6c cmake/stm32cubemx/CMakeFiles/STM32_Drivers.dir/__/__/Drivers/STM32F1xx_HAL_Driver/Src/stm32f1xx_hal_rcc.c.obj
 .debug_rnglists
                0x00000365       0x21 cmake/stm32cubemx/CMakeFiles/STM32_Drivers.dir/__/__/Drivers/STM32F1xx_HAL_Driver/Src/stm32f1xx_hal_rcc_ex.c.obj
 .debug_rnglists
                0x00000386       0x3f cmake/stm32cubemx/CMakeFiles/STM32_Drivers.dir/__/__/Drivers/STM32F1xx_HAL_Driver/Src/stm32f1xx_hal_gpio.c.obj
 .debug_rnglists
                0x000003c5       0x64 cmake/stm32cubemx/CMakeFiles/STM32_Drivers.dir/__/__/Drivers/STM32F1xx_HAL_Driver/Src/stm32f1xx_hal_dma.c.obj
 .debug_rnglists
                0x00000429       0xbb cmake/stm32cubemx/CMakeFiles/STM32_Drivers.dir/__/__/Drivers/STM32F1xx_HAL_Driver/Src/stm32f1xx_hal_cortex.c.obj
 .debug_rnglists
                0x000004e4      0x16e cmake/stm32cubemx/CMakeFiles/STM32_Drivers.dir/__/__/Drivers/STM32F1xx_HAL_Driver/Src/stm32f1xx_hal_spi.c.obj
 .debug_rnglists
                0x00000652      0x31a cmake/stm32cubemx/CMakeFiles/STM32_Drivers.dir/__/__/Drivers/STM32F1xx_HAL_Driver/Src/stm32f1xx_hal_tim.c.obj
 .debug_rnglists
                0x0000096c      0x125 cmake/stm32cubemx/CMakeFiles/STM32_Drivers.dir/__/__/Drivers/STM32F1xx_HAL_Driver/Src/stm32f1xx_hal_tim_ex.c.obj
 .debug_rnglists
                0x00000a91      0x1bc cmake/stm32cubemx/CMakeFiles/STM32_Drivers.dir/__/__/Drivers/STM32F1xx_HAL_Driver/Src/stm32f1xx_hal_uart.c.obj
 .debug_rnglists
                0x00000c4d       0xf4 cmake/stm32cubemx/CMakeFiles/STM32_Drivers.dir/__/__/Drivers/STM32F1xx_HAL_Driver/Src/stm32f1xx_hal_pcd.c.obj
 .debug_rnglists
                0x00000d41       0xbd cmake/stm32cubemx/CMakeFiles/STM32_Drivers.dir/__/__/Drivers/STM32F1xx_HAL_Driver/Src/stm32f1xx_ll_usb.c.obj
 .debug_rnglists
                0x00000dfe       0x20 CMakeFiles/Car.dir/Core/Src/main.c.obj
 .debug_rnglists
                0x00000e1e       0x14 CMakeFiles/Car.dir/Core/Src/gpio.c.obj
 .debug_rnglists
                0x00000e32       0x13 CMakeFiles/Car.dir/Core/Src/dma.c.obj
 .debug_rnglists
                0x00000e45       0x1f CMakeFiles/Car.dir/Core/Src/i2c.c.obj
 .debug_rnglists
                0x00000e64       0x20 CMakeFiles/Car.dir/Core/Src/spi.c.obj
 .debug_rnglists
                0x00000e84       0x42 CMakeFiles/Car.dir/Core/Src/tim.c.obj
 .debug_rnglists
                0x00000ec6       0x2d CMakeFiles/Car.dir/Core/Src/usart.c.obj
 .debug_rnglists
                0x00000ef3       0x1f CMakeFiles/Car.dir/Core/Src/usb.c.obj
 .debug_rnglists
                0x00000f12       0x6d CMakeFiles/Car.dir/Core/Src/stm32f1xx_it.c.obj
 .debug_rnglists
                0x00000f7f       0x13 CMakeFiles/Car.dir/Core/Src/stm32f1xx_hal_msp.c.obj
 .debug_rnglists
                0x00000f92       0x19 CMakeFiles/Car.dir/startup_stm32f103xb.s.obj

.debug_macro    0x00000000    0x18e30
 .debug_macro   0x00000000      0x1db cmake/stm32cubemx/CMakeFiles/STM32_Drivers.dir/__/__/Core/Src/system_stm32f1xx.c.obj
 .debug_macro   0x000001db      0xacc cmake/stm32cubemx/CMakeFiles/STM32_Drivers.dir/__/__/Core/Src/system_stm32f1xx.c.obj
 .debug_macro   0x00000ca7       0x2e cmake/stm32cubemx/CMakeFiles/STM32_Drivers.dir/__/__/Core/Src/system_stm32f1xx.c.obj
 .debug_macro   0x00000cd5       0x22 cmake/stm32cubemx/CMakeFiles/STM32_Drivers.dir/__/__/Core/Src/system_stm32f1xx.c.obj
 .debug_macro   0x00000cf7       0x22 cmake/stm32cubemx/CMakeFiles/STM32_Drivers.dir/__/__/Core/Src/system_stm32f1xx.c.obj
 .debug_macro   0x00000d19       0x8e cmake/stm32cubemx/CMakeFiles/STM32_Drivers.dir/__/__/Core/Src/system_stm32f1xx.c.obj
 .debug_macro   0x00000da7       0x51 cmake/stm32cubemx/CMakeFiles/STM32_Drivers.dir/__/__/Core/Src/system_stm32f1xx.c.obj
 .debug_macro   0x00000df8      0x103 cmake/stm32cubemx/CMakeFiles/STM32_Drivers.dir/__/__/Core/Src/system_stm32f1xx.c.obj
 .debug_macro   0x00000efb       0x6a cmake/stm32cubemx/CMakeFiles/STM32_Drivers.dir/__/__/Core/Src/system_stm32f1xx.c.obj
 .debug_macro   0x00000f65      0x1df cmake/stm32cubemx/CMakeFiles/STM32_Drivers.dir/__/__/Core/Src/system_stm32f1xx.c.obj
 .debug_macro   0x00001144       0x1c cmake/stm32cubemx/CMakeFiles/STM32_Drivers.dir/__/__/Core/Src/system_stm32f1xx.c.obj
 .debug_macro   0x00001160       0x22 cmake/stm32cubemx/CMakeFiles/STM32_Drivers.dir/__/__/Core/Src/system_stm32f1xx.c.obj
 .debug_macro   0x00001182       0xbd cmake/stm32cubemx/CMakeFiles/STM32_Drivers.dir/__/__/Core/Src/system_stm32f1xx.c.obj
 .debug_macro   0x0000123f      0xd23 cmake/stm32cubemx/CMakeFiles/STM32_Drivers.dir/__/__/Core/Src/system_stm32f1xx.c.obj
 .debug_macro   0x00001f62     0xe09e cmake/stm32cubemx/CMakeFiles/STM32_Drivers.dir/__/__/Core/Src/system_stm32f1xx.c.obj
 .debug_macro   0x00010000       0x6d cmake/stm32cubemx/CMakeFiles/STM32_Drivers.dir/__/__/Core/Src/system_stm32f1xx.c.obj
 .debug_macro   0x0001006d      0x233 cmake/stm32cubemx/CMakeFiles/STM32_Drivers.dir/__/__/Core/Src/system_stm32f1xx.c.obj
 .debug_macro   0x000102a0     0x34a2 cmake/stm32cubemx/CMakeFiles/STM32_Drivers.dir/__/__/Core/Src/system_stm32f1xx.c.obj
 .debug_macro   0x00013742      0x190 cmake/stm32cubemx/CMakeFiles/STM32_Drivers.dir/__/__/Core/Src/system_stm32f1xx.c.obj
 .debug_macro   0x000138d2       0x5c cmake/stm32cubemx/CMakeFiles/STM32_Drivers.dir/__/__/Core/Src/system_stm32f1xx.c.obj
 .debug_macro   0x0001392e      0x5bc cmake/stm32cubemx/CMakeFiles/STM32_Drivers.dir/__/__/Core/Src/system_stm32f1xx.c.obj
 .debug_macro   0x00013eea      0x289 cmake/stm32cubemx/CMakeFiles/STM32_Drivers.dir/__/__/Core/Src/system_stm32f1xx.c.obj
 .debug_macro   0x00014173      0x1cb cmake/stm32cubemx/CMakeFiles/STM32_Drivers.dir/__/__/Core/Src/system_stm32f1xx.c.obj
 .debug_macro   0x0001433e      0x114 cmake/stm32cubemx/CMakeFiles/STM32_Drivers.dir/__/__/Core/Src/system_stm32f1xx.c.obj
 .debug_macro   0x00014452      0x1b2 cmake/stm32cubemx/CMakeFiles/STM32_Drivers.dir/__/__/Core/Src/system_stm32f1xx.c.obj
 .debug_macro   0x00014604       0x27 cmake/stm32cubemx/CMakeFiles/STM32_Drivers.dir/__/__/Core/Src/system_stm32f1xx.c.obj
 .debug_macro   0x0001462b      0x136 cmake/stm32cubemx/CMakeFiles/STM32_Drivers.dir/__/__/Core/Src/system_stm32f1xx.c.obj
 .debug_macro   0x00014761      0x1bc cmake/stm32cubemx/CMakeFiles/STM32_Drivers.dir/__/__/Core/Src/system_stm32f1xx.c.obj
 .debug_macro   0x0001491d       0x34 cmake/stm32cubemx/CMakeFiles/STM32_Drivers.dir/__/__/Core/Src/system_stm32f1xx.c.obj
 .debug_macro   0x00014951       0x3c cmake/stm32cubemx/CMakeFiles/STM32_Drivers.dir/__/__/Core/Src/system_stm32f1xx.c.obj
 .debug_macro   0x0001498d       0x57 cmake/stm32cubemx/CMakeFiles/STM32_Drivers.dir/__/__/Core/Src/system_stm32f1xx.c.obj
 .debug_macro   0x000149e4       0x87 cmake/stm32cubemx/CMakeFiles/STM32_Drivers.dir/__/__/Core/Src/system_stm32f1xx.c.obj
 .debug_macro   0x00014a6b      0x240 cmake/stm32cubemx/CMakeFiles/STM32_Drivers.dir/__/__/Core/Src/system_stm32f1xx.c.obj
 .debug_macro   0x00014cab      0x287 cmake/stm32cubemx/CMakeFiles/STM32_Drivers.dir/__/__/Core/Src/system_stm32f1xx.c.obj
 .debug_macro   0x00014f32      0x140 cmake/stm32cubemx/CMakeFiles/STM32_Drivers.dir/__/__/Core/Src/system_stm32f1xx.c.obj
 .debug_macro   0x00015072      0x217 cmake/stm32cubemx/CMakeFiles/STM32_Drivers.dir/__/__/Core/Src/system_stm32f1xx.c.obj
 .debug_macro   0x00015289      0x8ed cmake/stm32cubemx/CMakeFiles/STM32_Drivers.dir/__/__/Core/Src/system_stm32f1xx.c.obj
 .debug_macro   0x00015b76      0x28e cmake/stm32cubemx/CMakeFiles/STM32_Drivers.dir/__/__/Core/Src/system_stm32f1xx.c.obj
 .debug_macro   0x00015e04       0xb7 cmake/stm32cubemx/CMakeFiles/STM32_Drivers.dir/__/__/Core/Src/system_stm32f1xx.c.obj
 .debug_macro   0x00015ebb      0x242 cmake/stm32cubemx/CMakeFiles/STM32_Drivers.dir/__/__/Core/Src/system_stm32f1xx.c.obj
 .debug_macro   0x000160fd       0x83 cmake/stm32cubemx/CMakeFiles/STM32_Drivers.dir/__/__/Core/Src/system_stm32f1xx.c.obj
 .debug_macro   0x00016180      0x229 cmake/stm32cubemx/CMakeFiles/STM32_Drivers.dir/__/__/Drivers/STM32F1xx_HAL_Driver/Src/stm32f1xx_hal_i2c.c.obj
 .debug_macro   0x000163a9      0x1ff cmake/stm32cubemx/CMakeFiles/STM32_Drivers.dir/__/__/Drivers/STM32F1xx_HAL_Driver/Src/stm32f1xx_hal.c.obj
 .debug_macro   0x000165a8      0x1ed cmake/stm32cubemx/CMakeFiles/STM32_Drivers.dir/__/__/Drivers/STM32F1xx_HAL_Driver/Src/stm32f1xx_hal_rcc.c.obj
 .debug_macro   0x00016795      0x1db cmake/stm32cubemx/CMakeFiles/STM32_Drivers.dir/__/__/Drivers/STM32F1xx_HAL_Driver/Src/stm32f1xx_hal_rcc_ex.c.obj
 .debug_macro   0x00016970      0x246 cmake/stm32cubemx/CMakeFiles/STM32_Drivers.dir/__/__/Drivers/STM32F1xx_HAL_Driver/Src/stm32f1xx_hal_gpio.c.obj
 .debug_macro   0x00016bb6      0x1db cmake/stm32cubemx/CMakeFiles/STM32_Drivers.dir/__/__/Drivers/STM32F1xx_HAL_Driver/Src/stm32f1xx_hal_dma.c.obj
 .debug_macro   0x00016d91      0x1db cmake/stm32cubemx/CMakeFiles/STM32_Drivers.dir/__/__/Drivers/STM32F1xx_HAL_Driver/Src/stm32f1xx_hal_cortex.c.obj
 .debug_macro   0x00016f6c      0x1e3 cmake/stm32cubemx/CMakeFiles/STM32_Drivers.dir/__/__/Drivers/STM32F1xx_HAL_Driver/Src/stm32f1xx_hal_spi.c.obj
 .debug_macro   0x0001714f      0x1dc cmake/stm32cubemx/CMakeFiles/STM32_Drivers.dir/__/__/Drivers/STM32F1xx_HAL_Driver/Src/stm32f1xx_hal_tim.c.obj
 .debug_macro   0x0001732b      0x1db cmake/stm32cubemx/CMakeFiles/STM32_Drivers.dir/__/__/Drivers/STM32F1xx_HAL_Driver/Src/stm32f1xx_hal_tim_ex.c.obj
 .debug_macro   0x00017506      0x1dc cmake/stm32cubemx/CMakeFiles/STM32_Drivers.dir/__/__/Drivers/STM32F1xx_HAL_Driver/Src/stm32f1xx_hal_uart.c.obj
 .debug_macro   0x000176e2      0x1e7 cmake/stm32cubemx/CMakeFiles/STM32_Drivers.dir/__/__/Drivers/STM32F1xx_HAL_Driver/Src/stm32f1xx_hal_pcd.c.obj
 .debug_macro   0x000178c9      0x1db cmake/stm32cubemx/CMakeFiles/STM32_Drivers.dir/__/__/Drivers/STM32F1xx_HAL_Driver/Src/stm32f1xx_ll_usb.c.obj
 .debug_macro   0x00017aa4      0x22f CMakeFiles/Car.dir/Core/Src/main.c.obj
 .debug_macro   0x00017cd3      0x1ef CMakeFiles/Car.dir/Core/Src/gpio.c.obj
 .debug_macro   0x00017ec2      0x1ef CMakeFiles/Car.dir/Core/Src/dma.c.obj
 .debug_macro   0x000180b1      0x1ef CMakeFiles/Car.dir/Core/Src/i2c.c.obj
 .debug_macro   0x000182a0      0x1ef CMakeFiles/Car.dir/Core/Src/spi.c.obj
 .debug_macro   0x0001848f      0x1ef CMakeFiles/Car.dir/Core/Src/tim.c.obj
 .debug_macro   0x0001867e      0x1ef CMakeFiles/Car.dir/Core/Src/usart.c.obj
 .debug_macro   0x0001886d      0x1ef CMakeFiles/Car.dir/Core/Src/usb.c.obj
 .debug_macro   0x00018a5c      0x1ef CMakeFiles/Car.dir/Core/Src/stm32f1xx_it.c.obj
 .debug_macro   0x00018c4b      0x1e5 CMakeFiles/Car.dir/Core/Src/stm32f1xx_hal_msp.c.obj

.debug_line     0x00000000    0x17adb
 .debug_line    0x00000000      0x6f0 cmake/stm32cubemx/CMakeFiles/STM32_Drivers.dir/__/__/Core/Src/system_stm32f1xx.c.obj
 .debug_line    0x000006f0     0x3b1e cmake/stm32cubemx/CMakeFiles/STM32_Drivers.dir/__/__/Drivers/STM32F1xx_HAL_Driver/Src/stm32f1xx_hal_i2c.c.obj
 .debug_line    0x0000420e      0x921 cmake/stm32cubemx/CMakeFiles/STM32_Drivers.dir/__/__/Drivers/STM32F1xx_HAL_Driver/Src/stm32f1xx_hal.c.obj
 .debug_line    0x00004b2f      0xdda cmake/stm32cubemx/CMakeFiles/STM32_Drivers.dir/__/__/Drivers/STM32F1xx_HAL_Driver/Src/stm32f1xx_hal_rcc.c.obj
 .debug_line    0x00005909      0x88b cmake/stm32cubemx/CMakeFiles/STM32_Drivers.dir/__/__/Drivers/STM32F1xx_HAL_Driver/Src/stm32f1xx_hal_rcc_ex.c.obj
 .debug_line    0x00006194      0x97e cmake/stm32cubemx/CMakeFiles/STM32_Drivers.dir/__/__/Drivers/STM32F1xx_HAL_Driver/Src/stm32f1xx_hal_gpio.c.obj
 .debug_line    0x00006b12      0xd2b cmake/stm32cubemx/CMakeFiles/STM32_Drivers.dir/__/__/Drivers/STM32F1xx_HAL_Driver/Src/stm32f1xx_hal_dma.c.obj
 .debug_line    0x0000783d      0xaeb cmake/stm32cubemx/CMakeFiles/STM32_Drivers.dir/__/__/Drivers/STM32F1xx_HAL_Driver/Src/stm32f1xx_hal_cortex.c.obj
 .debug_line    0x00008328     0x1bb8 cmake/stm32cubemx/CMakeFiles/STM32_Drivers.dir/__/__/Drivers/STM32F1xx_HAL_Driver/Src/stm32f1xx_hal_spi.c.obj
 .debug_line    0x00009ee0     0x340f cmake/stm32cubemx/CMakeFiles/STM32_Drivers.dir/__/__/Drivers/STM32F1xx_HAL_Driver/Src/stm32f1xx_hal_tim.c.obj
 .debug_line    0x0000d2ef     0x17e5 cmake/stm32cubemx/CMakeFiles/STM32_Drivers.dir/__/__/Drivers/STM32F1xx_HAL_Driver/Src/stm32f1xx_hal_tim_ex.c.obj
 .debug_line    0x0000ead4     0x243d cmake/stm32cubemx/CMakeFiles/STM32_Drivers.dir/__/__/Drivers/STM32F1xx_HAL_Driver/Src/stm32f1xx_hal_uart.c.obj
 .debug_line    0x00010f11     0x12a6 cmake/stm32cubemx/CMakeFiles/STM32_Drivers.dir/__/__/Drivers/STM32F1xx_HAL_Driver/Src/stm32f1xx_hal_pcd.c.obj
 .debug_line    0x000121b7     0x1091 cmake/stm32cubemx/CMakeFiles/STM32_Drivers.dir/__/__/Drivers/STM32F1xx_HAL_Driver/Src/stm32f1xx_ll_usb.c.obj
 .debug_line    0x00013248      0x742 CMakeFiles/Car.dir/Core/Src/main.c.obj
 .debug_line    0x0001398a      0x6aa CMakeFiles/Car.dir/Core/Src/gpio.c.obj
 .debug_line    0x00014034      0x671 CMakeFiles/Car.dir/Core/Src/dma.c.obj
 .debug_line    0x000146a5      0x6db CMakeFiles/Car.dir/Core/Src/i2c.c.obj
 .debug_line    0x00014d80      0x6ed CMakeFiles/Car.dir/Core/Src/spi.c.obj
 .debug_line    0x0001546d      0x8af CMakeFiles/Car.dir/Core/Src/tim.c.obj
 .debug_line    0x00015d1c      0x84d CMakeFiles/Car.dir/Core/Src/usart.c.obj
 .debug_line    0x00016569      0x6c0 CMakeFiles/Car.dir/Core/Src/usb.c.obj
 .debug_line    0x00016c29      0x7c8 CMakeFiles/Car.dir/Core/Src/stm32f1xx_it.c.obj
 .debug_line    0x000173f1      0x672 CMakeFiles/Car.dir/Core/Src/stm32f1xx_hal_msp.c.obj
 .debug_line    0x00017a63       0x78 CMakeFiles/Car.dir/startup_stm32f103xb.s.obj

.debug_str      0x00000000    0x8e37c
 .debug_str     0x00000000    0x8e37c cmake/stm32cubemx/CMakeFiles/STM32_Drivers.dir/__/__/Core/Src/system_stm32f1xx.c.obj
                              0x88e91 (size before relaxing)
 .debug_str     0x0008e37c    0x89f58 cmake/stm32cubemx/CMakeFiles/STM32_Drivers.dir/__/__/Drivers/STM32F1xx_HAL_Driver/Src/stm32f1xx_hal_i2c.c.obj
 .debug_str     0x0008e37c    0x895c4 cmake/stm32cubemx/CMakeFiles/STM32_Drivers.dir/__/__/Drivers/STM32F1xx_HAL_Driver/Src/stm32f1xx_hal.c.obj
 .debug_str     0x0008e37c    0x892c0 cmake/stm32cubemx/CMakeFiles/STM32_Drivers.dir/__/__/Drivers/STM32F1xx_HAL_Driver/Src/stm32f1xx_hal_rcc.c.obj
 .debug_str     0x0008e37c    0x89010 cmake/stm32cubemx/CMakeFiles/STM32_Drivers.dir/__/__/Drivers/STM32F1xx_HAL_Driver/Src/stm32f1xx_hal_rcc_ex.c.obj
 .debug_str     0x0008e37c    0x89217 cmake/stm32cubemx/CMakeFiles/STM32_Drivers.dir/__/__/Drivers/STM32F1xx_HAL_Driver/Src/stm32f1xx_hal_gpio.c.obj
 .debug_str     0x0008e37c    0x8923a cmake/stm32cubemx/CMakeFiles/STM32_Drivers.dir/__/__/Drivers/STM32F1xx_HAL_Driver/Src/stm32f1xx_hal_dma.c.obj
 .debug_str     0x0008e37c    0x89510 cmake/stm32cubemx/CMakeFiles/STM32_Drivers.dir/__/__/Drivers/STM32F1xx_HAL_Driver/Src/stm32f1xx_hal_cortex.c.obj
 .debug_str     0x0008e37c    0x897b7 cmake/stm32cubemx/CMakeFiles/STM32_Drivers.dir/__/__/Drivers/STM32F1xx_HAL_Driver/Src/stm32f1xx_hal_spi.c.obj
 .debug_str     0x0008e37c    0x8a2c2 cmake/stm32cubemx/CMakeFiles/STM32_Drivers.dir/__/__/Drivers/STM32F1xx_HAL_Driver/Src/stm32f1xx_hal_tim.c.obj
 .debug_str     0x0008e37c    0x89ace cmake/stm32cubemx/CMakeFiles/STM32_Drivers.dir/__/__/Drivers/STM32F1xx_HAL_Driver/Src/stm32f1xx_hal_tim_ex.c.obj
 .debug_str     0x0008e37c    0x89931 cmake/stm32cubemx/CMakeFiles/STM32_Drivers.dir/__/__/Drivers/STM32F1xx_HAL_Driver/Src/stm32f1xx_hal_uart.c.obj
 .debug_str     0x0008e37c    0x897ae cmake/stm32cubemx/CMakeFiles/STM32_Drivers.dir/__/__/Drivers/STM32F1xx_HAL_Driver/Src/stm32f1xx_hal_pcd.c.obj
 .debug_str     0x0008e37c    0x89362 cmake/stm32cubemx/CMakeFiles/STM32_Drivers.dir/__/__/Drivers/STM32F1xx_HAL_Driver/Src/stm32f1xx_ll_usb.c.obj
 .debug_str     0x0008e37c    0x89106 CMakeFiles/Car.dir/Core/Src/main.c.obj
 .debug_str     0x0008e37c    0x88ede CMakeFiles/Car.dir/Core/Src/gpio.c.obj
 .debug_str     0x0008e37c    0x8913c CMakeFiles/Car.dir/Core/Src/dma.c.obj
 .debug_str     0x0008e37c    0x89398 CMakeFiles/Car.dir/Core/Src/i2c.c.obj
 .debug_str     0x0008e37c    0x892ef CMakeFiles/Car.dir/Core/Src/spi.c.obj
 .debug_str     0x0008e37c    0x898e9 CMakeFiles/Car.dir/Core/Src/tim.c.obj
 .debug_str     0x0008e37c    0x896c0 CMakeFiles/Car.dir/Core/Src/usart.c.obj
 .debug_str     0x0008e37c    0x8924f CMakeFiles/Car.dir/Core/Src/usb.c.obj
 .debug_str     0x0008e37c    0x89679 CMakeFiles/Car.dir/Core/Src/stm32f1xx_it.c.obj
 .debug_str     0x0008e37c    0x88e66 CMakeFiles/Car.dir/Core/Src/stm32f1xx_hal_msp.c.obj
 .debug_str     0x0008e37c       0x74 CMakeFiles/Car.dir/startup_stm32f103xb.s.obj

.debug_line_str
                0x00000000       0x58
 .debug_line_str
                0x00000000       0x58 CMakeFiles/Car.dir/startup_stm32f103xb.s.obj
